Archive member included because of file (symbol)

D:/Programme/CodeWarrior/CW MCU v10.6.4/MCU/ARM_GCC_Support/ewl/lib/armv6-m\libc.a(vsprintf.o)
                              ./Sources/TFC/TFC_Queue.o (vsprintf)
D:/Programme/CodeWarrior/CW MCU v10.6.4/MCU/ARM_GCC_Support/ewl/lib/armv6-m\libc.a(sscanf.o)
                              ./Sources/TFC/TFC_Terminal.o (sscanf)
D:/Programme/CodeWarrior/CW MCU v10.6.4/MCU/ARM_GCC_Support/ewl/lib/armv6-m\libc.a(vsscanf.o)
                              D:/Programme/CodeWarrior/CW MCU v10.6.4/MCU/ARM_GCC_Support/ewl/lib/armv6-m\libc.a(sscanf.o) (vsscanf)
D:/Programme/CodeWarrior/CW MCU v10.6.4/MCU/ARM_GCC_Support/ewl/lib/armv6-m\libc.a(exit.o)
                              ./Project_Settings/Startup_Code/__arm_start.o (exit)
D:/Programme/CodeWarrior/CW MCU v10.6.4/MCU/ARM_GCC_Support/ewl/lib/armv6-m\libc.a(memset.o)
                              ./Project_Settings/Startup_Code/__arm_start.o (memset)
D:/Programme/CodeWarrior/CW MCU v10.6.4/MCU/ARM_GCC_Support/ewl/lib/armv6-m\libc.a(__filll_mem.o)
                              D:/Programme/CodeWarrior/CW MCU v10.6.4/MCU/ARM_GCC_Support/ewl/lib/armv6-m\libc.a(memset.o) (__fill_mem)
D:/Programme/CodeWarrior/CW MCU v10.6.4/MCU/ARM_GCC_Support/ewl/lib/armv6-m\libc.a(strcpy.o)
                              ./Sources/TFC/TFC_Terminal.o (strcpy)
D:/Programme/CodeWarrior/CW MCU v10.6.4/MCU/ARM_GCC_Support/ewl/lib/armv6-m\libc.a(strcmp.o)
                              ./Sources/TFC/TFC_Terminal.o (strcmp)
D:/Programme/CodeWarrior/CW MCU v10.6.4/MCU/ARM_GCC_Support/ewl/lib/armv6-m\libc.a(strlen.o)
                              ./Sources/TFC/TFC_Queue.o (strlen)
D:/Programme/CodeWarrior/CW MCU v10.6.4/MCU/ARM_GCC_Support/ewl/lib/armv6-m\libc.a(printformat_.o)
                              (__pformatter_)
D:/Programme/CodeWarrior/CW MCU v10.6.4/MCU/ARM_GCC_Support/ewl/lib/armv6-m\libc.a(scanformat_.o)
                              (__sformatter)
D:/Programme/CodeWarrior/CW MCU v10.6.4/MCU/ARM_GCC_Support/ewl/lib/armv6-m\libc.a(ctype_aeabi.o)
                              D:/Programme/CodeWarrior/CW MCU v10.6.4/MCU/ARM_GCC_Support/ewl/lib/armv6-m\libc.a(scanformat_.o) (isspace)
D:/Programme/CodeWarrior/CW MCU v10.6.4/MCU/ARM_GCC_Support/ewl/lib/armv6-m\libc.a(vsnprintf.o)
                              D:/Programme/CodeWarrior/CW MCU v10.6.4/MCU/ARM_GCC_Support/ewl/lib/armv6-m\libc.a(vsprintf.o) (vsnprintf)
D:/Programme/CodeWarrior/CW MCU v10.6.4/MCU/ARM_GCC_Support/ewl/lib/armv6-m\libc.a(__strtoul.o)
                              D:/Programme/CodeWarrior/CW MCU v10.6.4/MCU/ARM_GCC_Support/ewl/lib/armv6-m\libc.a(scanformat_.o) (__strtoul)
D:/Programme/CodeWarrior/CW MCU v10.6.4/MCU/ARM_GCC_Support/ewl/lib/armv6-m\libc.a(strchr.o)
                              D:/Programme/CodeWarrior/CW MCU v10.6.4/MCU/ARM_GCC_Support/ewl/lib/armv6-m\libc.a(printformat_.o) (strchr)
D:/Programme/CodeWarrior/CW MCU v10.6.4/MCU/ARM_GCC_Support/ewl/lib/armv6-m\libc.a(memcpy.o)
                              D:/Programme/CodeWarrior/CW MCU v10.6.4/MCU/ARM_GCC_Support/ewl/lib/armv6-m\libc.a(scanformat_.o) (memcpy)
D:/Programme/CodeWarrior/CW MCU v10.6.4/MCU/ARM_GCC_Support/ewl/lib/armv6-m\libc.a(memchr.o)
                              D:/Programme/CodeWarrior/CW MCU v10.6.4/MCU/ARM_GCC_Support/ewl/lib/armv6-m\libc.a(printformat_.o) (memchr)
d:/programme/codewarrior/cw mcu v10.6.4/cross_tools/arm-none-eabi-gcc-4_7_3/bin/../lib/gcc/arm-none-eabi/4.7.3/armv6-m\libgcc.a(_thumb1_case_sqi.o)
                              D:/Programme/CodeWarrior/CW MCU v10.6.4/MCU/ARM_GCC_Support/ewl/lib/armv6-m\libc.a(__strtoul.o) (__gnu_thumb1_case_sqi)
d:/programme/codewarrior/cw mcu v10.6.4/cross_tools/arm-none-eabi-gcc-4_7_3/bin/../lib/gcc/arm-none-eabi/4.7.3/armv6-m\libgcc.a(_thumb1_case_uqi.o)
                              D:/Programme/CodeWarrior/CW MCU v10.6.4/MCU/ARM_GCC_Support/ewl/lib/armv6-m\libc.a(scanformat_.o) (__gnu_thumb1_case_uqi)
d:/programme/codewarrior/cw mcu v10.6.4/cross_tools/arm-none-eabi-gcc-4_7_3/bin/../lib/gcc/arm-none-eabi/4.7.3/armv6-m\libgcc.a(_udivsi3.o)
                              ./Sources/TFC/TFC_UART.o (__aeabi_uidiv)
d:/programme/codewarrior/cw mcu v10.6.4/cross_tools/arm-none-eabi-gcc-4_7_3/bin/../lib/gcc/arm-none-eabi/4.7.3/armv6-m\libgcc.a(_divsi3.o)
                              ./Sources/TFC/TFC_CrystalClock.o (__aeabi_idiv)
d:/programme/codewarrior/cw mcu v10.6.4/cross_tools/arm-none-eabi-gcc-4_7_3/bin/../lib/gcc/arm-none-eabi/4.7.3/armv6-m\libgcc.a(_dvmd_tls.o)
                              d:/programme/codewarrior/cw mcu v10.6.4/cross_tools/arm-none-eabi-gcc-4_7_3/bin/../lib/gcc/arm-none-eabi/4.7.3/armv6-m\libgcc.a(_udivsi3.o) (__aeabi_idiv0)
d:/programme/codewarrior/cw mcu v10.6.4/cross_tools/arm-none-eabi-gcc-4_7_3/bin/../lib/gcc/arm-none-eabi/4.7.3/armv6-m\libgcc.a(_arm_cmpdf2.o)
                              ./Sources/LEDs.o (__aeabi_dcmpgt)
[...]
Memory Configuration

Name             Origin             Length             Attributes
m_interrupts     0x00000000         0x000000c0         xr
m_cfmprotrom     0x00000400         0x00000010         xr
m_text           0x00000800         0x0001f800         xr
m_data           0x1ffff000         0x00004000         xrw
*default*        0x00000000         0xffffffff

Linker script and memory map

LOAD ./Project_Settings/Startup_Code/kinetis_sysinit.o
LOAD ./Project_Settings/Startup_Code/__arm_start.o
LOAD ./Project_Settings/Startup_Code/__arm_end.o
LOAD ./Sources/TFC/TFC_arm_cm0.o
LOAD ./Sources/TFC/TFC_UART.o
LOAD ./Sources/TFC/TFC_Terminal.o
LOAD ./Sources/TFC/TFC_Servo.o
LOAD ./Sources/TFC/TFC_Queue.o
LOAD ./Sources/TFC/TFC_Motor.o
LOAD ./Sources/TFC/TFC_LineScanCamera.o
LOAD ./Sources/TFC/TFC_CrystalClock.o
LOAD ./Sources/TFC/TFC_BoardSupport.o
LOAD ./Sources/TFC/TFC_ARM_SysTick.o
LOAD ./Sources/TFC/TFC_ADC.o
LOAD ./Sources/TFC/TFC.o
LOAD ./Sources/sa_mtb.o
LOAD ./Sources/motorServo.o
LOAD ./Sources/main.o
LOAD ./Sources/config.o
LOAD ./Sources/LineScanCam.o
LOAD ./Sources/LEDs.o
                0x000069cc                __pformatter = __pformatter_
                [0x00006df4]                __sformatter = __sformatter
START GROUP
LOAD D:/Programme/CodeWarrior/CW MCU v10.6.4/MCU/ARM_GCC_Support/ewl/lib/armv6-m\libc.a
LOAD D:/Programme/CodeWarrior/CW MCU v10.6.4/MCU/ARM_GCC_Support/ewl/lib/armv6-m\libm.a
LOAD d:/programme/codewarrior/cw mcu v10.6.4/cross_tools/arm-none-eabi-gcc-4_7_3/bin/../lib/gcc/arm-none-eabi/4.7.3/armv6-m\libgcc.a
LOAD D:/Programme/CodeWarrior/CW MCU v10.6.4/MCU/ARM_GCC_Support/ewl/lib/armv6-m\librt.a
LOAD D:/Programme/CodeWarrior/CW MCU v10.6.4/MCU/ARM_GCC_Support/ewl/lib/armv6-m\libuart.a
END GROUP
                0x20003000                _estack = 0x20003000
                0x20003000                __SP_INIT = _estack
                0x00000400                __heap_size = 0x400
                0x00000400                __stack_size = 0x400

.interrupts     0x00000000       0xc0
                0x00000000                __vector_table = .
                0x00000000                . = ALIGN (0x4)
 *(.vectortable)
 .vectortable   0x00000000       0xc0 ./Project_Settings/Startup_Code/kinetis_sysinit.o
                0x00000000                InterruptVector
                0x000000c0                . = ALIGN (0x4)

.cfmprotect     0x00000400        0x0
                0x00000400                . = ALIGN (0x4)
 *(.cfmconfig)
                0x00000400                . = ALIGN (0x4)

.text           0x00000800     0x7728
                0x00000800                . = ALIGN (0x4)
 *(.text)
 .text          0x00000800       0x14 d:/programme/codewarrior/cw mcu v10.6.4/cross_tools/arm-none-eabi-gcc-4_7_3/bin/../lib/gcc/arm-none-eabi/4.7.3/armv6-m\libgcc.a(_thumb1_case_sqi.o)
                0x00000800                __gnu_thumb1_case_sqi
 .text          0x00000814       0x14 d:/programme/codewarrior/cw mcu v10.6.4/cross_tools/arm-none-eabi-gcc-4_7_3/bin/../lib/gcc/arm-none-eabi/4.7.3/armv6-m\libgcc.a(_thumb1_case_uqi.o)
                0x00000814                __gnu_thumb1_case_uqi
 .text          0x00000828       0x9c d:/programme/codewarrior/cw mcu v10.6.4/cross_tools/arm-none-eabi-gcc-4_7_3/bin/../lib/gcc/arm-none-eabi/4.7.3/armv6-m\libgcc.a(_udivsi3.o)
                0x00000828                __aeabi_uidiv
                0x00000828                __udivsi3
                0x000008b0                __aeabi_uidivmod
 .text          0x000008c4       0xc0 d:/programme/codewarrior/cw mcu v10.6.4/cross_tools/arm-none-eabi-gcc-4_7_3/bin/../lib/gcc/arm-none-eabi/4.7.3/armv6-m\libgcc.a(_divsi3.o)
                0x000008c4                __divsi3
                0x000008c4                __aeabi_idiv
                0x00000970                __aeabi_idivmod
 .text          0x00000984        0x4 d:/programme/codewarrior/cw mcu v10.6.4/cross_tools/arm-none-eabi-gcc-4_7_3/bin/../lib/gcc/arm-none-eabi/4.7.3/armv6-m\libgcc.a(_dvmd_tls.o)
                0x00000984                __aeabi_idiv0
                0x00000984                __aeabi_ldiv0
 .text          0x00000988       0x7c d:/programme/codewarrior/cw mcu v10.6.4/cross_tools/arm-none-eabi-gcc-4_7_3/bin/../lib/gcc/arm-none-eabi/4.7.3/armv6-m\libgcc.a(_arm_cmpdf2.o)
                0x00000988                __aeabi_cdrcmple
                0x00000998                __aeabi_cdcmple
                0x00000998                __aeabi_cdcmpeq
                0x000009a8                __aeabi_dcmpeq
                0x000009b4                __aeabi_dcmplt
                0x000009c8                __aeabi_dcmple
                0x000009dc                __aeabi_dcmpgt
                0x000009f0                __aeabi_dcmpge
 .text          0x00000a04       0x74 d:/programme/codewarrior/cw mcu v10.6.4/cross_tools/arm-none-eabi-gcc-4_7_3/bin/../lib/gcc/arm-none-eabi/4.7.3/armv6-m\libgcc.a(_arm_cmpsf2.o)
                0x00000a04                __aeabi_cfrcmple
                0x00000a0c                __aeabi_cfcmpeq
                0x00000a0c                __aeabi_cfcmple
                0x00000a1c                __aeabi_fcmpeq
                0x00000a28                __aeabi_fcmplt
                0x00000a3c                __aeabi_fcmple
                0x00000a50                __aeabi_fcmpgt
                0x00000a64                __aeabi_fcmpge
 .text          0x00000a78       0x30 d:/programme/codewarrior/cw mcu v10.6.4/cross_tools/arm-none-eabi-gcc-4_7_3/bin/../lib/gcc/arm-none-eabi/4.7.3/armv6-m\libgcc.a(_fixunssfsi.o)
                0x00000a78                __fixunssfsi
                0x00000a78                __aeabi_f2uiz
 .text          0x00000aa8      0x3a4 d:/programme/codewarrior/cw mcu v10.6.4/cross_tools/arm-none-eabi-gcc-4_7_3/bin/../lib/gcc/arm-none-eabi/4.7.3/armv6-m\libgcc.a(addsf3.o)
                0x00000aa8                __aeabi_fadd
 .text          0x00000e4c      0x274 d:/programme/codewarrior/cw mcu v10.6.4/cross_tools/arm-none-eabi-gcc-4_7_3/bin/../lib/gcc/arm-none-eabi/4.7.3/armv6-m\libgcc.a(divsf3.o)
                0x00000e4c                __aeabi_fdiv
 .text          0x000010c0       0x50 d:/programme/codewarrior/cw mcu v10.6.4/cross_tools/arm-none-eabi-gcc-4_7_3/bin/../lib/gcc/arm-none-eabi/4.7.3/armv6-m\libgcc.a(eqsf2.o)
                0x000010c0                __eqsf2
                0x000010c0                __nesf2
 .text          0x00001110       0x90 d:/programme/codewarrior/cw mcu v10.6.4/cross_tools/arm-none-eabi-gcc-4_7_3/bin/../lib/gcc/arm-none-eabi/4.7.3/armv6-m\libgcc.a(gesf2.o)
                0x00001110                __gesf2
                0x00001110                __gtsf2
 .text          0x000011a0       0x90 d:/programme/codewarrior/cw mcu v10.6.4/cross_tools/arm-none-eabi-gcc-4_7_3/bin/../lib/gcc/arm-none-eabi/4.7.3/armv6-m\libgcc.a(lesf2.o)
                0x000011a0                __ltsf2
                0x000011a0                __lesf2
 .text          0x00001230      0x260 d:/programme/codewarrior/cw mcu v10.6.4/cross_tools/arm-none-eabi-gcc-4_7_3/bin/../lib/gcc/arm-none-eabi/4.7.3/armv6-m\libgcc.a(mulsf3.o)
                0x00001230                __aeabi_fmul
 .text          0x00001490      0x3ac d:/programme/codewarrior/cw mcu v10.6.4/cross_tools/arm-none-eabi-gcc-4_7_3/bin/../lib/gcc/arm-none-eabi/4.7.3/armv6-m\libgcc.a(subsf3.o)
                0x00001490                __aeabi_fsub
 .text          0x0000183c       0x40 d:/programme/codewarrior/cw mcu v10.6.4/cross_tools/arm-none-eabi-gcc-4_7_3/bin/../lib/gcc/arm-none-eabi/4.7.3/armv6-m\libgcc.a(fixsfsi.o)
                0x0000183c                __aeabi_f2iz
 .text          0x0000187c       0xa8 d:/programme/codewarrior/cw mcu v10.6.4/cross_tools/arm-none-eabi-gcc-4_7_3/bin/../lib/gcc/arm-none-eabi/4.7.3/armv6-m\libgcc.a(floatsisf.o)
                0x0000187c                __aeabi_i2f
 .text          0x00001924       0xa8 d:/programme/codewarrior/cw mcu v10.6.4/cross_tools/arm-none-eabi-gcc-4_7_3/bin/../lib/gcc/arm-none-eabi/4.7.3/armv6-m\libgcc.a(floatunsisf.o)
                0x00001924                __aeabi_ui2f
 .text          0x000019cc      0x758 d:/programme/codewarrior/cw mcu v10.6.4/cross_tools/arm-none-eabi-gcc-4_7_3/bin/../lib/gcc/arm-none-eabi/4.7.3/armv6-m\libgcc.a(adddf3.o)
                0x000019cc                __aeabi_dadd
 .text          0x00002124      0x5b8 d:/programme/codewarrior/cw mcu v10.6.4/cross_tools/arm-none-eabi-gcc-4_7_3/bin/../lib/gcc/arm-none-eabi/4.7.3/armv6-m\libgcc.a(divdf3.o)
                0x00002124                __aeabi_ddiv
 .text          0x000026dc       0x7c d:/programme/codewarrior/cw mcu v10.6.4/cross_tools/arm-none-eabi-gcc-4_7_3/bin/../lib/gcc/arm-none-eabi/4.7.3/armv6-m\libgcc.a(eqdf2.o)
                0x000026dc                __nedf2
                0x000026dc                __eqdf2
 .text          0x00002758       0xe8 d:/programme/codewarrior/cw mcu v10.6.4/cross_tools/arm-none-eabi-gcc-4_7_3/bin/../lib/gcc/arm-none-eabi/4.7.3/armv6-m\libgcc.a(gedf2.o)
                0x00002758                __gedf2
                0x00002758                __gtdf2
 .text          0x00002840       0xd8 d:/programme/codewarrior/cw mcu v10.6.4/cross_tools/arm-none-eabi-gcc-4_7_3/bin/../lib/gcc/arm-none-eabi/4.7.3/armv6-m\libgcc.a(ledf2.o)
                0x00002840                __ledf2
                0x00002840                __ltdf2
 .text          0x00002918      0x4e4 d:/programme/codewarrior/cw mcu v10.6.4/cross_tools/arm-none-eabi-gcc-4_7_3/bin/../lib/gcc/arm-none-eabi/4.7.3/armv6-m\libgcc.a(muldf3.o)
                0x00002918                __aeabi_dmul
 .text          0x00002dfc      0x6f8 d:/programme/codewarrior/cw mcu v10.6.4/cross_tools/arm-none-eabi-gcc-4_7_3/bin/../lib/gcc/arm-none-eabi/4.7.3/armv6-m\libgcc.a(subdf3.o)
                0x00002dfc                __aeabi_dsub
 .text          0x000034f4       0x68 d:/programme/codewarrior/cw mcu v10.6.4/cross_tools/arm-none-eabi-gcc-4_7_3/bin/../lib/gcc/arm-none-eabi/4.7.3/armv6-m\libgcc.a(fixdfsi.o)
                0x000034f4                __aeabi_d2iz
 .text          0x0000355c       0x74 d:/programme/codewarrior/cw mcu v10.6.4/cross_tools/arm-none-eabi-gcc-4_7_3/bin/../lib/gcc/arm-none-eabi/4.7.3/armv6-m\libgcc.a(floatsidf.o)
                0x0000355c                __aeabi_i2d
 .text          0x000035d0       0x64 d:/programme/codewarrior/cw mcu v10.6.4/cross_tools/arm-none-eabi-gcc-4_7_3/bin/../lib/gcc/arm-none-eabi/4.7.3/armv6-m\libgcc.a(floatunsidf.o)
                0x000035d0                __aeabi_ui2d
 .text          0x00003634       0xa8 d:/programme/codewarrior/cw mcu v10.6.4/cross_tools/arm-none-eabi-gcc-4_7_3/bin/../lib/gcc/arm-none-eabi/4.7.3/armv6-m\libgcc.a(extendsfdf2.o)
                0x00003634                __aeabi_f2d
 .text          0x000036dc      0x134 d:/programme/codewarrior/cw mcu v10.6.4/cross_tools/arm-none-eabi-gcc-4_7_3/bin/../lib/gcc/arm-none-eabi/4.7.3/armv6-m\libgcc.a(truncdfsf2.o)
                0x000036dc                __aeabi_d2f
 .text          0x00003810       0x3c d:/programme/codewarrior/cw mcu v10.6.4/cross_tools/arm-none-eabi-gcc-4_7_3/bin/../lib/gcc/arm-none-eabi/4.7.3/armv6-m\libgcc.a(_clzsi2.o)
                0x00003810                __clzsi2
 *(.text*)
 .text.Default_Handler
                0x0000384c        0xc ./Project_Settings/Startup_Code/kinetis_sysinit.o
                0x0000384c                RTC_Alarm_IRQHandler
                0x0000384c                I2C0_IRQHandler
                0x0000384c                HardFault_Handler
                0x0000384c                PendSV_Handler
                0x0000384c                NMI_Handler
                0x0000384c                I2C1_IRQHandler
                0x0000384c                UART1_IRQHandler
                0x0000384c                DMA2_IRQHandler
                0x0000384c                TSI0_IRQHandler
                0x0000384c                SPI1_IRQHandler
                0x0000384c                PORTD_IRQHandler
                0x0000384c                LPTimer_IRQHandler
                0x0000384c                RTC_Seconds_IRQHandler
                0x0000384c                MCG_IRQHandler
                0x0000384c                UART2_IRQHandler
                0x0000384c                Default_Handler
                0x0000384c                LLW_IRQHandler
                0x0000384c                SVC_Handler
                0x0000384c                USBOTG_IRQHandler
                0x0000384c                DMA3_IRQHandler
                0x0000384c                DMA0_IRQHandler
                0x0000384c                DAC0_IRQHandler
                0x0000384c                PMC_IRQHandler
                0x0000384c                SPI0_IRQHandler
                0x0000384c                FTM0_IRQHandler
                0x0000384c                PORTA_IRQHandler
                0x0000384c                MCM_IRQHandler
                0x0000384c                FTFL_IRQHandler
                0x0000384c                FTM2_IRQHandler
                0x0000384c                CMP0_IRQHandler
                0x0000384c                DMA1_IRQHandler
 .text.__init_hardware
                0x00003858       0x2c ./Project_Settings/Startup_Code/kinetis_sysinit.o
                0x00003858                __init_hardware
 .text.zero_fill_bss
                0x00003884       0x24 ./Project_Settings/Startup_Code/__arm_start.o
 .text.__thumb_startup
                0x000038a8       0x30 ./Project_Settings/Startup_Code/__arm_start.o
                0x000038a8                __thumb_startup
 .text._ExitProcess
                0x000038d8        0xc ./Project_Settings/Startup_Code/__arm_end.o
                0x000038d8                _ExitProcess
 .text.enable_irq
                0x000038e4       0x6c ./Sources/TFC/TFC_arm_cm0.o
                0x000038e4                enable_irq
 .text.disable_irq
                0x00003950       0x40 ./Sources/TFC/TFC_arm_cm0.o
                0x00003950                disable_irq
 .text.TFC_InitUARTs
                0x00003990       0xd0 ./Sources/TFC/TFC_UART.o
                0x00003990                TFC_InitUARTs
 .text.TFC_UART_Process
                0x00003a60       0x40 ./Sources/TFC/TFC_UART.o
                0x00003a60                TFC_UART_Process
 .text.UART0_IRQHandler
                0x00003aa0       0x78 ./Sources/TFC/TFC_UART.o
                0x00003aa0                UART0_IRQHandler
 .text.uart0_init
                0x00003b18      0x22c ./Sources/TFC/TFC_UART.o
                0x00003b18                uart0_init
 .text.TerminalBootMsg
                0x00003d44       0x6c ./Sources/TFC/TFC_Terminal.o
                0x00003d44                TerminalBootMsg
 .text.TFC_InitTerminal
                0x00003db0       0x20 ./Sources/TFC/TFC_Terminal.o
                0x00003db0                TFC_InitTerminal
 .text.TerminalCmd_Help
                0x00003dd0       0xa4 ./Sources/TFC/TFC_Terminal.o
                0x00003dd0                TerminalCmd_Help
 .text.TerminalCmd_E
                0x00003e74       0x30 ./Sources/TFC/TFC_Terminal.o
                0x00003e74                TerminalCmd_E
 .text.TerminalCmd_D
                0x00003ea4       0x3c ./Sources/TFC/TFC_Terminal.o
                0x00003ea4                TerminalCmd_D
 .text.TerminalCmd_GetLineScan
                0x00003ee0      0x118 ./Sources/TFC/TFC_Terminal.o
                0x00003ee0                TerminalCmd_GetLineScan
 .text.TerminalCmd_S
                0x00003ff8       0xac ./Sources/TFC/TFC_Terminal.o
                0x00003ff8                TerminalCmd_S
 .text.TerminalCmd_H
                0x000040a4       0xa8 ./Sources/TFC/TFC_Terminal.o
                0x000040a4                TerminalCmd_H
 .text.TFC_ProcessTerminal
                0x0000414c      0x2c0 ./Sources/TFC/TFC_Terminal.o
                0x0000414c                TFC_ProcessTerminal
 *fill*         0x0000440c        0x4 00
 .text.TFC_SetServo
                0x00004410       0x90 ./Sources/TFC/TFC_Servo.o
                0x00004410                TFC_SetServo
 .text.TFC_SetServoDutyCycle
                0x000044a0       0x68 ./Sources/TFC/TFC_Servo.o
                0x000044a0                TFC_SetServoDutyCycle
 .text.FTM1_IRQHandler
                0x00004508       0x40 ./Sources/TFC/TFC_Servo.o
                0x00004508                FTM1_IRQHandler
 .text.TFC_InitServos
                0x00004548       0xd4 ./Sources/TFC/TFC_Servo.o
                0x00004548                TFC_InitServos
 .text.InitByteQueue
                0x0000461c       0x6c ./Sources/TFC/TFC_Queue.o
                0x0000461c                InitByteQueue
 .text.BytesInQueue
                0x00004688       0x50 ./Sources/TFC/TFC_Queue.o
                0x00004688                BytesInQueue
 .text.ByteEnqueue
                0x000046d8       0x64 ./Sources/TFC/TFC_Queue.o
                0x000046d8                ByteEnqueue
 .text.ByteArrayEnqueue
                0x0000473c       0x58 ./Sources/TFC/TFC_Queue.o
                0x0000473c                ByteArrayEnqueue
 .text.Qprintf  0x00004794       0x50 ./Sources/TFC/TFC_Queue.o
                0x00004794                Qprintf
 .text.ByteDequeue
                0x000047e4       0x5c ./Sources/TFC/TFC_Queue.o
                0x000047e4                ByteDequeue
 .text.ForcedByteDequeue
                0x00004840       0x58 ./Sources/TFC/TFC_Queue.o
                0x00004840                ForcedByteDequeue
 .text.TFC_InitMotorPWM
                0x00004898       0xd4 ./Sources/TFC/TFC_Motor.o
                0x00004898                TFC_InitMotorPWM
 *fill*         0x0000496c        0x4 00
 .text.TFC_SetMotorPWM
                0x00004970      0x140 ./Sources/TFC/TFC_Motor.o
                0x00004970                TFC_SetMotorPWM
 .text.TFC_InitLineScanCamera
                0x00004ab0       0xb4 ./Sources/TFC/TFC_LineScanCamera.o
                0x00004ab0                TFC_InitLineScanCamera
 *fill*         0x00004b64        0x4 00
 .text.TFC_SetLineScanExposureTime
                0x00004b68       0x70 ./Sources/TFC/TFC_LineScanCamera.o
                0x00004b68                TFC_SetLineScanExposureTime
 .text.TFC_InitClock
                0x00004bd8       0x24 ./Sources/TFC/TFC_CrystalClock.o
                0x00004bd8                TFC_InitClock
 .text.pll_init
                0x00004bfc      0x548 ./Sources/TFC/TFC_CrystalClock.o
                0x00004bfc                pll_init
 .text.TFC_InitGPIO
                0x00005144       0xb4 ./Sources/TFC/TFC_BoardSupport.o
                0x00005144                TFC_InitGPIO
 .text.TFC_SetBatteryLED_Level
                0x000051f8       0x78 ./Sources/TFC/TFC_BoardSupport.o
                0x000051f8                TFC_SetBatteryLED_Level
 .text.TFC_InitSysTick
                0x00005270       0x4c ./Sources/TFC/TFC_ARM_SysTick.o
                0x00005270                TFC_InitSysTick
 .text.SysTick_Handler
                0x000052bc       0x60 ./Sources/TFC/TFC_ARM_SysTick.o
                0x000052bc                SysTick_Handler
 .text.ADC_Cal  0x0000531c      0x1b4 ./Sources/TFC/TFC_ADC.o
                0x0000531c                ADC_Cal
 .text.ADC_Config_Alt
                0x000054d0       0x60 ./Sources/TFC/TFC_ADC.o
                0x000054d0                ADC_Config_Alt
 .text.InitADC0
                0x00005530       0x90 ./Sources/TFC/TFC_ADC.o
                0x00005530                InitADC0
 .text.TFC_InitADCs
                0x000055c0       0x70 ./Sources/TFC/TFC_ADC.o
                0x000055c0                TFC_InitADCs
 .text.PIT_IRQHandler
                0x00005630       0x40 ./Sources/TFC/TFC_ADC.o
                0x00005630                PIT_IRQHandler
 .text.ADC0_IRQHandler
                0x00005670      0x224 ./Sources/TFC/TFC_ADC.o
                0x00005670                ADC0_IRQHandler
 *fill*         0x00005894        0x4 00
 .text.TFC_ReadPot
                0x00005898       0xc0 ./Sources/TFC/TFC_ADC.o
                0x00005898                TFC_ReadPot
 .text.TFC_Init
                0x00005958       0x44 ./Sources/TFC/TFC.o
                0x00005958                TFC_Init
 .text.TFC_Task
                0x0000599c       0x10 ./Sources/TFC/TFC.o
                0x0000599c                TFC_Task
 *fill*         0x000059ac        0x4 00
 .text.setServo
                0x000059b0       0x88 ./Sources/motorServo.o
                0x000059b0                setServo
 .text.setMotorSpeed
                0x00005a38       0xac ./Sources/motorServo.o
                0x00005a38                setMotorSpeed
 .text.calcMotorSpeed
                0x00005ae4       0xec ./Sources/motorServo.o
                0x00005ae4                calcMotorSpeed
 .text.driveBacktoLine
                0x00005bd0       0x28 ./Sources/motorServo.o
                0x00005bd0                driveBacktoLine
 .text.main     0x00005bf8      0x18c ./Sources/main.o
                0x00005bf8                main
 .text.loadCameraData
                0x00005d84       0x8c ./Sources/LineScanCam.o
                0x00005d84                loadCameraData
 .text.calcquarterLED
                0x00005e10      0x154 ./Sources/LineScanCam.o
                0x00005e10                calcquarterLED
 .text.getLowestIndex
                0x00005f64       0x78 ./Sources/LineScanCam.o
                0x00005f64                getLowestIndex
 .text.getBlackPos
                0x00005fdc       0x70 ./Sources/LineScanCam.o
                0x00005fdc                getBlackPos
 *fill*         0x0000604c        0x4 00
 .text.calibcam
                0x00006050       0xe8 ./Sources/LineScanCam.o
                0x00006050                calibcam
 .text.calcdirection
                0x00006138      0x190 ./Sources/LineScanCam.o
                0x00006138                calcdirection
 .text.checkforLine
                0x000062c8      0x104 ./Sources/LineScanCam.o
                0x000062c8                checkforLine
 .text.AllLEDsON
                0x000063cc       0x2c ./Sources/LEDs.o
                0x000063cc                AllLEDsON
 .text.AllLEDsOFF
                0x000063f8       0x44 ./Sources/LEDs.o
                0x000063f8                AllLEDsOFF
 .text.forceAllOff
                0x0000643c       0x2c ./Sources/LEDs.o
                0x0000643c                forceAllOff
 .text.LEDs_speedIndic
                0x00006468      0x168 ./Sources/LEDs.o
                0x00006468                LEDs_speedIndic
 .text.showDirection
                0x000065d0       0xc8 ./Sources/LEDs.o
                0x000065d0                showDirection
 .text.vsprintf
                0x00006698       0x12 D:/Programme/CodeWarrior/CW MCU v10.6.4/MCU/ARM_GCC_Support/ewl/lib/armv6-m\libc.a(vsprintf.o)
                0x00006698                vsprintf
 .text.sscanf   0x000066aa       0x18 D:/Programme/CodeWarrior/CW MCU v10.6.4/MCU/ARM_GCC_Support/ewl/lib/armv6-m\libc.a(sscanf.o)
                0x000066aa                sscanf
 .text.__StringRead
                0x000066c2       0x3c D:/Programme/CodeWarrior/CW MCU v10.6.4/MCU/ARM_GCC_Support/ewl/lib/armv6-m\libc.a(vsscanf.o)
                0x000066c2                __StringRead
 *fill*         0x000066fe        0x2 00
 .text.vsscanf  0x00006700       0x30 D:/Programme/CodeWarrior/CW MCU v10.6.4/MCU/ARM_GCC_Support/ewl/lib/armv6-m\libc.a(vsscanf.o)
                0x00006700                vsscanf
 .text.exit     0x00006730       0x38 D:/Programme/CodeWarrior/CW MCU v10.6.4/MCU/ARM_GCC_Support/ewl/lib/armv6-m\libc.a(exit.o)
                0x00006730                exit
 .text.memset   0x00006768        0xc D:/Programme/CodeWarrior/CW MCU v10.6.4/MCU/ARM_GCC_Support/ewl/lib/armv6-m\libc.a(memset.o)
                0x00006768                memset
 .text.__fill_mem
                0x00006774       0x7e D:/Programme/CodeWarrior/CW MCU v10.6.4/MCU/ARM_GCC_Support/ewl/lib/armv6-m\libc.a(__filll_mem.o)
                0x00006774                __fill_mem
 .text.strcpy   0x000067f2       0x10 D:/Programme/CodeWarrior/CW MCU v10.6.4/MCU/ARM_GCC_Support/ewl/lib/armv6-m\libc.a(strcpy.o)
                0x000067f2                strcpy
 .text.strcmp   0x00006802       0x1c D:/Programme/CodeWarrior/CW MCU v10.6.4/MCU/ARM_GCC_Support/ewl/lib/armv6-m\libc.a(strcmp.o)
                0x00006802                strcmp
 .text.strlen   0x0000681e       0x10 D:/Programme/CodeWarrior/CW MCU v10.6.4/MCU/ARM_GCC_Support/ewl/lib/armv6-m\libc.a(strlen.o)
                0x0000681e                strlen
 *fill*         0x0000682e        0x2 00
 .text.long2str.isra.0
                0x00006830      0x19c D:/Programme/CodeWarrior/CW MCU v10.6.4/MCU/ARM_GCC_Support/ewl/lib/armv6-m\libc.a(printformat_.o)
 .text.__pformatter_
                0x000069cc      0x428 D:/Programme/CodeWarrior/CW MCU v10.6.4/MCU/ARM_GCC_Support/ewl/lib/armv6-m\libc.a(printformat_.o)
                0x000069cc                __pformatter_
 .text.__sformatter
                0x00006df4      0x698 D:/Programme/CodeWarrior/CW MCU v10.6.4/MCU/ARM_GCC_Support/ewl/lib/armv6-m\libc.a(scanformat_.o)
                0x00006df4                __sformatter
 .text.isalpha  0x0000748c       0x20 D:/Programme/CodeWarrior/CW MCU v10.6.4/MCU/ARM_GCC_Support/ewl/lib/armv6-m\libc.a(ctype_aeabi.o)
                0x0000748c                isalpha
 .text.isspace  0x000074ac       0x20 D:/Programme/CodeWarrior/CW MCU v10.6.4/MCU/ARM_GCC_Support/ewl/lib/armv6-m\libc.a(ctype_aeabi.o)
                0x000074ac                isspace
 .text.toupper  0x000074cc        0xe D:/Programme/CodeWarrior/CW MCU v10.6.4/MCU/ARM_GCC_Support/ewl/lib/armv6-m\libc.a(ctype_aeabi.o)
                0x000074cc                toupper
 .text.__StringWrite
                0x000074da       0x26 D:/Programme/CodeWarrior/CW MCU v10.6.4/MCU/ARM_GCC_Support/ewl/lib/armv6-m\libc.a(vsnprintf.o)
                0x000074da                __StringWrite
 .text.vsnprintf
                0x00007500       0x38 D:/Programme/CodeWarrior/CW MCU v10.6.4/MCU/ARM_GCC_Support/ewl/lib/armv6-m\libc.a(vsnprintf.o)
                0x00007500                vsnprintf
 .text.__strtoul
                0x00007538      0x1ce D:/Programme/CodeWarrior/CW MCU v10.6.4/MCU/ARM_GCC_Support/ewl/lib/armv6-m\libc.a(__strtoul.o)
                0x00007538                __strtoul
 .text.strchr   0x00007706       0x1e D:/Programme/CodeWarrior/CW MCU v10.6.4/MCU/ARM_GCC_Support/ewl/lib/armv6-m\libc.a(strchr.o)
                0x00007706                strchr
 .text.memcpy   0x00007724       0x12 D:/Programme/CodeWarrior/CW MCU v10.6.4/MCU/ARM_GCC_Support/ewl/lib/armv6-m\libc.a(memcpy.o)
                0x00007724                memcpy
 .text.memchr   0x00007736       0x1a D:/Programme/CodeWarrior/CW MCU v10.6.4/MCU/ARM_GCC_Support/ewl/lib/armv6-m\libc.a(memchr.o)
                0x00007736                memchr
 .text.__init_cpp
                0x00007750       0x48 D:/Programme/CodeWarrior/CW MCU v10.6.4/MCU/ARM_GCC_Support/ewl/lib/armv6-m\librt.a(gcc_ctor_dtor.o)
                0x00007750                __init_cpp
 .text.__fini_cpp
                0x00007798       0x34 D:/Programme/CodeWarrior/CW MCU v10.6.4/MCU/ARM_GCC_Support/ewl/lib/armv6-m\librt.a(gcc_ctor_dtor.o)
                0x00007798                __fini_cpp
 .text.__destroy_global_chain
                0x000077cc       0x1c D:/Programme/CodeWarrior/CW MCU v10.6.4/MCU/ARM_GCC_Support/ewl/lib/armv6-m\librt.a(__arm_eabi_init.o)
                0x000077cc                __destroy_global_chain
 .text.__init_registers
                0x000077e8       0x1c D:/Programme/CodeWarrior/CW MCU v10.6.4/MCU/ARM_GCC_Support/ewl/lib/armv6-m\librt.a(__arm_eabi_init.o)
                0x000077e8                __init_registers
 .text.__init_user
                0x00007804        0x4 D:/Programme/CodeWarrior/CW MCU v10.6.4/MCU/ARM_GCC_Support/ewl/lib/armv6-m\librt.a(__arm_eabi_init.o)
                0x00007804                __init_user
 .text.__copy_rom_section
                0x00007808       0x48 D:/Programme/CodeWarrior/CW MCU v10.6.4/MCU/ARM_GCC_Support/ewl/lib/armv6-m\librt.a(ROMCopy.o)
                0x00007808                __copy_rom_section
 .text.__copy_rom_sections_to_ram
                0x00007850       0x34 D:/Programme/CodeWarrior/CW MCU v10.6.4/MCU/ARM_GCC_Support/ewl/lib/armv6-m\librt.a(ROMCopy.o)
                0x00007850                __copy_rom_sections_to_ram
 *(.rodata)
 .rodata        0x00007884      0x364 ./Sources/TFC/TFC_Terminal.o
 .rodata        0x00007be8       0x24 ./Sources/motorServo.o
 .rodata        0x00007c0c       0x74 ./Sources/main.o
 .rodata        0x00007c80       0x7c ./Sources/LineScanCam.o
 .rodata        0x00007cfc       0x40 d:/programme/codewarrior/cw mcu v10.6.4/cross_tools/arm-none-eabi-gcc-4_7_3/bin/../lib/gcc/arm-none-eabi/4.7.3/armv6-m\libgcc.a(divsf3.o)
 .rodata        0x00007d3c       0x40 d:/programme/codewarrior/cw mcu v10.6.4/cross_tools/arm-none-eabi-gcc-4_7_3/bin/../lib/gcc/arm-none-eabi/4.7.3/armv6-m\libgcc.a(mulsf3.o)
 .rodata        0x00007d7c       0x40 d:/programme/codewarrior/cw mcu v10.6.4/cross_tools/arm-none-eabi-gcc-4_7_3/bin/../lib/gcc/arm-none-eabi/4.7.3/armv6-m\libgcc.a(divdf3.o)
 .rodata        0x00007dbc       0x40 d:/programme/codewarrior/cw mcu v10.6.4/cross_tools/arm-none-eabi-gcc-4_7_3/bin/../lib/gcc/arm-none-eabi/4.7.3/armv6-m\libgcc.a(muldf3.o)
 *(.rodata*)
 .rodata.motor  0x00007dfc        0x4 ./Sources/config.o
                0x00007dfc                motor
 .rodata.servo  0x00007e00        0x4 ./Sources/config.o
                0x00007e00                servo
 .rodata.LEDconfig
                0x00007e04        0x4 ./Sources/config.o
                0x00007e04                LEDconfig
 .rodata.auslmultiplier
                0x00007e08        0x4 ./Sources/config.o
                0x00007e08                auslmultiplier
 .rodata.speedMultiplier
                0x00007e0c        0x4 ./Sources/config.o
                0x00007e0c                speedMultiplier
 .rodata.minSpeed
                0x00007e10        0x4 ./Sources/config.o
                0x00007e10                minSpeed
 .rodata.linetimeout
                0x00007e14        0x4 ./Sources/config.o
                0x00007e14                linetimeout
 .rodata.ruckwartsZeit
                0x00007e18        0x4 ./Sources/config.o
                0x00007e18                ruckwartsZeit
 .rodata.str1.1
                0x00007e1c        0x1 D:/Programme/CodeWarrior/CW MCU v10.6.4/MCU/ARM_GCC_Support/ewl/lib/armv6-m\libc.a(printformat_.o)
 .rodata.CSWTCH.20
                0x00007e1d        0x5 D:/Programme/CodeWarrior/CW MCU v10.6.4/MCU/ARM_GCC_Support/ewl/lib/armv6-m\libc.a(printformat_.o)
 .rodata.CSWTCH.21
                0x00007e22        0x5 D:/Programme/CodeWarrior/CW MCU v10.6.4/MCU/ARM_GCC_Support/ewl/lib/armv6-m\libc.a(printformat_.o)
 .rodata.__aeabi_ctype_table_C
                0x00007e27      0x101 D:/Programme/CodeWarrior/CW MCU v10.6.4/MCU/ARM_GCC_Support/ewl/lib/armv6-m\libc.a(ctype_aeabi.o)
                0x00007e27                __aeabi_ctype_table_C
 *(.glue_7)
 .glue_7        0x00000000        0x0 linker stubs
 *(.glue_7t)
 .glue_7t       0x00000000        0x0 linker stubs
 *(.eh_frame)
 *(.init)
 *(.fini)
                0x00007f28                . = ALIGN (0x4)
                0x00007f28                _etext = .

.vfp11_veneer   0x00007f28        0x0
 .vfp11_veneer  0x00000000        0x0 linker stubs

.v4_bx          0x00007f28        0x0
 .v4_bx         0x00000000        0x0 linker stubs

.iplt           0x00007f28        0x0
 .iplt          0x00000000        0x0 ./Project_Settings/Startup_Code/kinetis_sysinit.o

.rel.dyn        0x00007f28        0x0
 .rel.iplt      0x00000000        0x0 ./Project_Settings/Startup_Code/kinetis_sysinit.o

.ARM.extab
 *(.ARM.extab* .gnu.linkonce.armextab.*)

.ARM            0x00007f28        0x0
                0x00007f28                __exidx_start = .
 *(.ARM.exidx*)
                0x00007f28                __exidx_end = .

.ctors          0x00007f28        0x0
                0x00007f28                __CTOR_LIST__ = .
 *crtbegin.o(.ctors)
 *(EXCLUDE_FILE(*crtend.o) .ctors)
 *(SORT(.ctors.*))
 *(.ctors)
                0x00007f28                __CTOR_END__ = .

.dtors          0x00007f28        0x0
                0x00007f28                __DTOR_LIST__ = .
 *crtbegin.o(.dtors)
 *(EXCLUDE_FILE(*crtend.o) .dtors)
 *(SORT(.dtors.*))
 *(.dtors)
                0x00007f28                __DTOR_END__ = .

.preinit_array  0x00007f28        0x0
                0x00007f28                PROVIDE (__preinit_array_start, .)
 *(.preinit_array*)
                0x00007f28                PROVIDE (__preinit_array_end, .)

.init_array     0x00007f28        0x0
                0x00007f28                PROVIDE (__init_array_start, .)
 *(SORT(.init_array.*))
 *(.init_array*)
                0x00007f28                PROVIDE (__init_array_end, .)

.fini_array     0x00007f28        0x0
                0x00007f28                PROVIDE (__fini_array_start, .)
 *(SORT(.fini_array.*))
 *(.fini_array*)
                0x00007f28                PROVIDE (__fini_array_end, .)
                0x00007f28                ___ROM_AT = .

.mtb            0x1ffff000        0x0
                0x1ffff000                . = ALIGN (0x8)
                0x1ffff000                _mtb_start = .
 *(.mtb_buf)
                0x1ffff000                . = ALIGN (0x8)
                0x1ffff000                _mtb_end = .

.data           0x1ffff000       0x4c load address 0x00007f28
                0x1ffff000                . = ALIGN (0x4)
                0x1ffff000                _sdata = .
 *(.data)
 *(.data*)
 .data.MyTerminalCallbackRecords
                0x1ffff000       0x48 ./Sources/TFC/TFC_Terminal.o
                0x1ffff000                MyTerminalCallbackRecords
 .data.checkLineStep
                0x1ffff048        0x4 ./Sources/LineScanCam.o
                0x1ffff048                checkLineStep
                0x1ffff04c                . = ALIGN (0x4)
                0x1ffff04c                _edata = .
                0x0000004c                ___data_size = (_edata - _sdata)

.igot.plt       0x1ffff04c        0x0 load address 0x00007f74
 .igot.plt      0x00000000        0x0 ./Project_Settings/Startup_Code/kinetis_sysinit.o
                0x1ffff04c                . = ALIGN (0x4)

.bss            0x1ffff04c     0x1090 load address 0x00007f74
                0x1ffff04c                __START_BSS = .
                0x1ffff04c                PROVIDE (__bss_start__, __START_BSS)
 *(.bss)
 *(.bss*)
 .bss.argv      0x1ffff04c        0x4 ./Project_Settings/Startup_Code/__arm_start.o
 .bss.StringBuffer
                0x1ffff050      0x100 ./Sources/TFC/TFC_Queue.o
 .bss.LineScanImageReady
                0x1ffff150        0x1 ./Sources/TFC/TFC_LineScanCamera.o
                0x1ffff150                LineScanImageReady
 *fill*         0x1ffff151        0x3 00
 .bss.DelayTimerTick
                0x1ffff154        0x4 ./Sources/TFC/TFC_ARM_SysTick.o
 .bss.CurrentADC_State
                0x1ffff158        0x1 ./Sources/TFC/TFC_ADC.o
 .bss.CurrentLineScanPixel
                0x1ffff159        0x1 ./Sources/TFC/TFC_ADC.o
                0x1ffff159                CurrentLineScanPixel
 .bss.CurrentLineScanChannel
                0x1ffff15a        0x1 ./Sources/TFC/TFC_ADC.o
                0x1ffff15a                CurrentLineScanChannel
 *fill*         0x1ffff15b        0x1 00
 .bss.drivingBack
                0x1ffff15c        0x4 ./Sources/motorServo.o
                0x1ffff15c                drivingBack
 .bss.curblink  0x1ffff160        0x4 ./Sources/main.o
                0x1ffff160                curblink
 .bss.active    0x1ffff164        0x4 ./Sources/LineScanCam.o
                0x1ffff164                active
 .bss.linemissing
                0x1ffff168        0x4 ./Sources/LineScanCam.o
                0x1ffff168                linemissing
 .bss.__stdio_exit
                0x1ffff16c        0x4 D:/Programme/CodeWarrior/CW MCU v10.6.4/MCU/ARM_GCC_Support/ewl/lib/armv6-m\libc.a(exit.o)
                0x1ffff16c                __stdio_exit
 .bss.__console_exit
                0x1ffff170        0x4 D:/Programme/CodeWarrior/CW MCU v10.6.4/MCU/ARM_GCC_Support/ewl/lib/armv6-m\libc.a(exit.o)
                0x1ffff170                __console_exit
 .bss.__global_destructor_chain
                0x1ffff174        0x4 D:/Programme/CodeWarrior/CW MCU v10.6.4/MCU/ARM_GCC_Support/ewl/lib/armv6-m\librt.a(__arm_eabi_init.o)
                0x1ffff174                __global_destructor_chain
 .bss.__S_romp  0x1ffff178        0xc D:/Programme/CodeWarrior/CW MCU v10.6.4/MCU/ARM_GCC_Support/ewl/lib/armv6-m\librt.a(ROMCopy.o)
 *(COMMON)
 COMMON         0x1ffff184      0xaa4 ./Sources/TFC/TFC_UART.o
                0x1ffff184                Servoausl
                0x1ffff188                SDA_SERIAL_INCOMING_QUEUE
                0x1ffff194                camData
                0x1ffff394                Sausl
                0x1ffff398                SDA_SERIAL_OUTGOING_QUEUE
                0x1ffff3a4                SDA_SERIAL_INCOMING_QUEUE_Storage
                0x1ffff424                SDA_SERIAL_OUTGOING_QUEUE_Storage
                0x1ffffc24                Motorspeed
 COMMON         0x1ffffc28       0x86 ./Sources/TFC/TFC_Terminal.o
                0x1ffffc28                CmdFound
                0x1ffffc29                NextCharIn
                0x1ffffc2c                TerminalLineBuf
                0x1ffffc6c                TerminalArgs
                0x1ffffc8c                TerminalCmdBuf
                0x1ffffcad                TerminalPos
 COMMON         0x1ffffcae        0x1 ./Sources/TFC/TFC_Servo.o
                0x1ffffcae                ServoTickVar
 *fill*         0x1ffffcaf        0x1 00
 COMMON         0x1ffffcb0      0x414 ./Sources/TFC/TFC_LineScanCamera.o
                0x1ffffcb0                LineScanWorkingBuffer
                0x1ffffcb4                LineScanImage1
                0x1ffffcb8                LineScanImage0Buffer
                0x1ffffeb8                LineScanImage0WorkingBuffer
                0x1ffffebc                LineScanImage1Buffer
                0x200000bc                LineScanImage0
                0x200000c0                LineScanImage1WorkingBuffer
 COMMON         0x200000c4       0x10 ./Sources/TFC/TFC_ARM_SysTick.o
                0x200000c4                TFC_Ticker
 COMMON         0x200000d4        0x6 ./Sources/TFC/TFC_ADC.o
                0x200000d4                PotADC_Value
                0x200000d8                BatSenseADC_Value
                0x200000dc                . = ALIGN (0x4)
 *fill*         0x200000da        0x2 00
                0x200000dc                __END_BSS = .
                0x200000dc                PROVIDE (__bss_end__, __END_BSS)
                0x00007f74                _romp_at = (___ROM_AT + SIZEOF (.data))

.romp           0x200000dc       0x18 load address 0x00007f74
                0x00007f74                __S_romp = _romp_at
                0x200000dc        0x4 LONG 0x7f28 ___ROM_AT
                0x200000e0        0x4 LONG 0x1ffff000 _sdata
                0x200000e4        0x4 LONG 0x4c ___data_size
                0x200000e8        0x4 LONG 0x0
                0x200000ec        0x4 LONG 0x0
                0x200000f0        0x4 LONG 0x0

._user_heap_stack
                0x200000f4      0x800 load address 0x00007f8c
                0x200000f4                . = ALIGN (0x4)
                0x200000f4                PROVIDE (end, .)
                0x200000f4                PROVIDE (_end, .)
                0x200000f4                __heap_addr = .
                0x200004f4                . = (. + __heap_size)
 *fill*         0x200000f4      0x400 00
                0x200008f4                . = (. + __stack_size)
 *fill*         0x200004f4      0x400 00
                0x200008f4                . = ALIGN (0x4)

.ARM.attributes
                0x00000000       0x31
 *(.ARM.attributes)
 .ARM.attributes
                0x00000000       0x31 ./Project_Settings/Startup_Code/kinetis_sysinit.o
 .ARM.attributes
                0x00000031       0x31 ./Project_Settings/Startup_Code/__arm_start.o
 .ARM.attributes
                0x00000062       0x31 ./Project_Settings/Startup_Code/__arm_end.o
 .ARM.attributes
                0x00000093       0x31 ./Sources/TFC/TFC_arm_cm0.o
 .ARM.attributes
                0x000000c4       0x31 ./Sources/TFC/TFC_UART.o
 .ARM.attributes
                0x000000f5       0x31 ./Sources/TFC/TFC_Terminal.o
 .ARM.attributes
                0x00000126       0x31 ./Sources/TFC/TFC_Servo.o
 .ARM.attributes
                0x00000157       0x31 ./Sources/TFC/TFC_Queue.o
 .ARM.attributes
                0x00000188       0x31 ./Sources/TFC/TFC_Motor.o
 .ARM.attributes
                0x000001b9       0x31 ./Sources/TFC/TFC_LineScanCamera.o
 .ARM.attributes
                0x000001ea       0x31 ./Sources/TFC/TFC_CrystalClock.o
 .ARM.attributes
                0x0000021b       0x31 ./Sources/TFC/TFC_BoardSupport.o
 .ARM.attributes
                0x0000024c       0x31 ./Sources/TFC/TFC_ARM_SysTick.o
 .ARM.attributes
                0x0000027d       0x31 ./Sources/TFC/TFC_ADC.o
 .ARM.attributes
                0x000002ae       0x31 ./Sources/TFC/TFC.o
 .ARM.attributes
                0x000002df       0x31 ./Sources/motorServo.o
 .ARM.attributes
                0x00000310       0x31 ./Sources/main.o
 .ARM.attributes
                0x00000341       0x31 ./Sources/config.o
 .ARM.attributes
                0x00000372       0x31 ./Sources/LineScanCam.o
 .ARM.attributes
                0x000003a3       0x31 ./Sources/LEDs.o
 .ARM.attributes
                0x000003d4       0x31 D:/Programme/CodeWarrior/CW MCU v10.6.4/MCU/ARM_GCC_Support/ewl/lib/armv6-m\libc.a(vsprintf.o)
 .ARM.attributes
                0x00000405       0x31 D:/Programme/CodeWarrior/CW MCU v10.6.4/MCU/ARM_GCC_Support/ewl/lib/armv6-m\libc.a(sscanf.o)
 .ARM.attributes
                0x00000436       0x31 D:/Programme/CodeWarrior/CW MCU v10.6.4/MCU/ARM_GCC_Support/ewl/lib/armv6-m\libc.a(vsscanf.o)
 .ARM.attributes
                0x00000467       0x31 D:/Programme/CodeWarrior/CW MCU v10.6.4/MCU/ARM_GCC_Support/ewl/lib/armv6-m\libc.a(exit.o)
 .ARM.attributes
                0x00000498       0x31 D:/Programme/CodeWarrior/CW MCU v10.6.4/MCU/ARM_GCC_Support/ewl/lib/armv6-m\libc.a(memset.o)
 .ARM.attributes
                0x000004c9       0x31 D:/Programme/CodeWarrior/CW MCU v10.6.4/MCU/ARM_GCC_Support/ewl/lib/armv6-m\libc.a(__filll_mem.o)
 .ARM.attributes
                0x000004fa       0x31 D:/Programme/CodeWarrior/CW MCU v10.6.4/MCU/ARM_GCC_Support/ewl/lib/armv6-m\libc.a(strcpy.o)
 .ARM.attributes
                0x0000052b       0x31 D:/Programme/CodeWarrior/CW MCU v10.6.4/MCU/ARM_GCC_Support/ewl/lib/armv6-m\libc.a(strcmp.o)
 .ARM.attributes
                0x0000055c       0x31 D:/Programme/CodeWarrior/CW MCU v10.6.4/MCU/ARM_GCC_Support/ewl/lib/armv6-m\libc.a(strlen.o)
 .ARM.attributes
                0x0000058d       0x31 D:/Programme/CodeWarrior/CW MCU v10.6.4/MCU/ARM_GCC_Support/ewl/lib/armv6-m\libc.a(printformat_.o)
 .ARM.attributes
                0x000005be       0x31 D:/Programme/CodeWarrior/CW MCU v10.6.4/MCU/ARM_GCC_Support/ewl/lib/armv6-m\libc.a(scanformat_.o)
 .ARM.attributes
                0x000005ef       0x31 D:/Programme/CodeWarrior/CW MCU v10.6.4/MCU/ARM_GCC_Support/ewl/lib/armv6-m\libc.a(ctype_aeabi.o)
 .ARM.attributes
                0x00000620       0x31 D:/Programme/CodeWarrior/CW MCU v10.6.4/MCU/ARM_GCC_Support/ewl/lib/armv6-m\libc.a(vsnprintf.o)
 .ARM.attributes
                0x00000651       0x31 D:/Programme/CodeWarrior/CW MCU v10.6.4/MCU/ARM_GCC_Support/ewl/lib/armv6-m\libc.a(__strtoul.o)
 .ARM.attributes
                0x00000682       0x31 D:/Programme/CodeWarrior/CW MCU v10.6.4/MCU/ARM_GCC_Support/ewl/lib/armv6-m\libc.a(strchr.o)
 .ARM.attributes
                0x000006b3       0x31 D:/Programme/CodeWarrior/CW MCU v10.6.4/MCU/ARM_GCC_Support/ewl/lib/armv6-m\libc.a(memcpy.o)
 .ARM.attributes
                0x000006e4       0x31 D:/Programme/CodeWarrior/CW MCU v10.6.4/MCU/ARM_GCC_Support/ewl/lib/armv6-m\libc.a(memchr.o)
 .ARM.attributes
                0x00000715       0x1e d:/programme/codewarrior/cw mcu v10.6.4/cross_tools/arm-none-eabi-gcc-4_7_3/bin/../lib/gcc/arm-none-eabi/4.7.3/armv6-m\libgcc.a(_thumb1_case_sqi.o)
 .ARM.attributes
                0x00000733       0x1e d:/programme/codewarrior/cw mcu v10.6.4/cross_tools/arm-none-eabi-gcc-4_7_3/bin/../lib/gcc/arm-none-eabi/4.7.3/armv6-m\libgcc.a(_thumb1_case_uqi.o)
 .ARM.attributes
                0x00000751       0x1e d:/programme/codewarrior/cw mcu v10.6.4/cross_tools/arm-none-eabi-gcc-4_7_3/bin/../lib/gcc/arm-none-eabi/4.7.3/armv6-m\libgcc.a(_udivsi3.o)
 .ARM.attributes
                0x0000076f       0x1e d:/programme/codewarrior/cw mcu v10.6.4/cross_tools/arm-none-eabi-gcc-4_7_3/bin/../lib/gcc/arm-none-eabi/4.7.3/armv6-m\libgcc.a(_divsi3.o)
 .ARM.attributes
                0x0000078d       0x1e d:/programme/codewarrior/cw mcu v10.6.4/cross_tools/arm-none-eabi-gcc-4_7_3/bin/../lib/gcc/arm-none-eabi/4.7.3/armv6-m\libgcc.a(_dvmd_tls.o)
 .ARM.attributes
                0x000007ab       0x1e d:/programme/codewarrior/cw mcu v10.6.4/cross_tools/arm-none-eabi-gcc-4_7_3/bin/../lib/gcc/arm-none-eabi/4.7.3/armv6-m\libgcc.a(_arm_cmpdf2.o)
 .ARM.attributes
                0x000007c9       0x1e d:/programme/codewarrior/cw mcu v10.6.4/cross_tools/arm-none-eabi-gcc-4_7_3/bin/../lib/gcc/arm-none-eabi/4.7.3/armv6-m\libgcc.a(_arm_cmpsf2.o)
 .ARM.attributes
                0x000007e7       0x2c d:/programme/codewarrior/cw mcu v10.6.4/cross_tools/arm-none-eabi-gcc-4_7_3/bin/../lib/gcc/arm-none-eabi/4.7.3/armv6-m\libgcc.a(_fixunssfsi.o)
 .ARM.attributes
                0x00000813       0x2c d:/programme/codewarrior/cw mcu v10.6.4/cross_tools/arm-none-eabi-gcc-4_7_3/bin/../lib/gcc/arm-none-eabi/4.7.3/armv6-m\libgcc.a(addsf3.o)
 .ARM.attributes
                0x0000083f       0x2c d:/programme/codewarrior/cw mcu v10.6.4/cross_tools/arm-none-eabi-gcc-4_7_3/bin/../lib/gcc/arm-none-eabi/4.7.3/armv6-m\libgcc.a(divsf3.o)
 .ARM.attributes
                0x0000086b       0x2c d:/programme/codewarrior/cw mcu v10.6.4/cross_tools/arm-none-eabi-gcc-4_7_3/bin/../lib/gcc/arm-none-eabi/4.7.3/armv6-m\libgcc.a(eqsf2.o)
 .ARM.attributes
                0x00000897       0x2c d:/programme/codewarrior/cw mcu v10.6.4/cross_tools/arm-none-eabi-gcc-4_7_3/bin/../lib/gcc/arm-none-eabi/4.7.3/armv6-m\libgcc.a(gesf2.o)
 .ARM.attributes
                0x000008c3       0x2c d:/programme/codewarrior/cw mcu v10.6.4/cross_tools/arm-none-eabi-gcc-4_7_3/bin/../lib/gcc/arm-none-eabi/4.7.3/armv6-m\libgcc.a(lesf2.o)
 .ARM.attributes
                0x000008ef       0x2c d:/programme/codewarrior/cw mcu v10.6.4/cross_tools/arm-none-eabi-gcc-4_7_3/bin/../lib/gcc/arm-none-eabi/4.7.3/armv6-m\libgcc.a(mulsf3.o)
 .ARM.attributes
                0x0000091b       0x2c d:/programme/codewarrior/cw mcu v10.6.4/cross_tools/arm-none-eabi-gcc-4_7_3/bin/../lib/gcc/arm-none-eabi/4.7.3/armv6-m\libgcc.a(subsf3.o)
 .ARM.attributes
                0x00000947       0x2c d:/programme/codewarrior/cw mcu v10.6.4/cross_tools/arm-none-eabi-gcc-4_7_3/bin/../lib/gcc/arm-none-eabi/4.7.3/armv6-m\libgcc.a(fixsfsi.o)
 .ARM.attributes
                0x00000973       0x2c d:/programme/codewarrior/cw mcu v10.6.4/cross_tools/arm-none-eabi-gcc-4_7_3/bin/../lib/gcc/arm-none-eabi/4.7.3/armv6-m\libgcc.a(floatsisf.o)
 .ARM.attributes
                0x0000099f       0x2c d:/programme/codewarrior/cw mcu v10.6.4/cross_tools/arm-none-eabi-gcc-4_7_3/bin/../lib/gcc/arm-none-eabi/4.7.3/armv6-m\libgcc.a(floatunsisf.o)
 .ARM.attributes
                0x000009cb       0x2c d:/programme/codewarrior/cw mcu v10.6.4/cross_tools/arm-none-eabi-gcc-4_7_3/bin/../lib/gcc/arm-none-eabi/4.7.3/armv6-m\libgcc.a(adddf3.o)
 .ARM.attributes
                0x000009f7       0x2c d:/programme/codewarrior/cw mcu v10.6.4/cross_tools/arm-none-eabi-gcc-4_7_3/bin/../lib/gcc/arm-none-eabi/4.7.3/armv6-m\libgcc.a(divdf3.o)
 .ARM.attributes
                0x00000a23       0x2c d:/programme/codewarrior/cw mcu v10.6.4/cross_tools/arm-none-eabi-gcc-4_7_3/bin/../lib/gcc/arm-none-eabi/4.7.3/armv6-m\libgcc.a(eqdf2.o)
 .ARM.attributes
                0x00000a4f       0x2c d:/programme/codewarrior/cw mcu v10.6.4/cross_tools/arm-none-eabi-gcc-4_7_3/bin/../lib/gcc/arm-none-eabi/4.7.3/armv6-m\libgcc.a(gedf2.o)
 .ARM.attributes
                0x00000a7b       0x2c d:/programme/codewarrior/cw mcu v10.6.4/cross_tools/arm-none-eabi-gcc-4_7_3/bin/../lib/gcc/arm-none-eabi/4.7.3/armv6-m\libgcc.a(ledf2.o)
 .ARM.attributes
                0x00000aa7       0x2c d:/programme/codewarrior/cw mcu v10.6.4/cross_tools/arm-none-eabi-gcc-4_7_3/bin/../lib/gcc/arm-none-eabi/4.7.3/armv6-m\libgcc.a(muldf3.o)
 .ARM.attributes
                0x00000ad3       0x2c d:/programme/codewarrior/cw mcu v10.6.4/cross_tools/arm-none-eabi-gcc-4_7_3/bin/../lib/gcc/arm-none-eabi/4.7.3/armv6-m\libgcc.a(subdf3.o)
 .ARM.attributes
                0x00000aff       0x2c d:/programme/codewarrior/cw mcu v10.6.4/cross_tools/arm-none-eabi-gcc-4_7_3/bin/../lib/gcc/arm-none-eabi/4.7.3/armv6-m\libgcc.a(fixdfsi.o)
 .ARM.attributes
                0x00000b2b       0x2c d:/programme/codewarrior/cw mcu v10.6.4/cross_tools/arm-none-eabi-gcc-4_7_3/bin/../lib/gcc/arm-none-eabi/4.7.3/armv6-m\libgcc.a(floatsidf.o)
 .ARM.attributes
                0x00000b57       0x2c d:/programme/codewarrior/cw mcu v10.6.4/cross_tools/arm-none-eabi-gcc-4_7_3/bin/../lib/gcc/arm-none-eabi/4.7.3/armv6-m\libgcc.a(floatunsidf.o)
 .ARM.attributes
                0x00000b83       0x2c d:/programme/codewarrior/cw mcu v10.6.4/cross_tools/arm-none-eabi-gcc-4_7_3/bin/../lib/gcc/arm-none-eabi/4.7.3/armv6-m\libgcc.a(extendsfdf2.o)
 .ARM.attributes
                0x00000baf       0x2c d:/programme/codewarrior/cw mcu v10.6.4/cross_tools/arm-none-eabi-gcc-4_7_3/bin/../lib/gcc/arm-none-eabi/4.7.3/armv6-m\libgcc.a(truncdfsf2.o)
 .ARM.attributes
                0x00000bdb       0x1e d:/programme/codewarrior/cw mcu v10.6.4/cross_tools/arm-none-eabi-gcc-4_7_3/bin/../lib/gcc/arm-none-eabi/4.7.3/armv6-m\libgcc.a(_clzsi2.o)
 .ARM.attributes
                0x00000bf9       0x31 D:/Programme/CodeWarrior/CW MCU v10.6.4/MCU/ARM_GCC_Support/ewl/lib/armv6-m\librt.a(gcc_ctor_dtor.o)
 .ARM.attributes
                0x00000c2a       0x31 D:/Programme/CodeWarrior/CW MCU v10.6.4/MCU/ARM_GCC_Support/ewl/lib/armv6-m\librt.a(__arm_eabi_init.o)
 .ARM.attributes
                0x00000c5b       0x31 D:/Programme/CodeWarrior/CW MCU v10.6.4/MCU/ARM_GCC_Support/ewl/lib/armv6-m\librt.a(ROMCopy.o)
OUTPUT(FRDM-TRC.elf elf32-littlearm)

.debug_info     0x00000000     0x8d5a
 .debug_info    0x00000000      0x447 ./Project_Settings/Startup_Code/kinetis_sysinit.o
 .debug_info    0x00000447      0x12a ./Project_Settings/Startup_Code/__arm_start.o
 .debug_info    0x00000571       0x54 ./Project_Settings/Startup_Code/__arm_end.o
 .debug_info    0x000005c5      0x3cb ./Sources/TFC/TFC_arm_cm0.o
 .debug_info    0x00000990      0x99e ./Sources/TFC/TFC_UART.o
 .debug_info    0x0000132e      0x5e7 ./Sources/TFC/TFC_Terminal.o
 .debug_info    0x00001915      0x760 ./Sources/TFC/TFC_Servo.o
 .debug_info    0x00002075      0x455 ./Sources/TFC/TFC_Queue.o
 .debug_info    0x000024ca      0x5e1 ./Sources/TFC/TFC_Motor.o
 .debug_info    0x00002aab      0x713 ./Sources/TFC/TFC_LineScanCamera.o
 .debug_info    0x000031be      0xefb ./Sources/TFC/TFC_CrystalClock.o
 .debug_info    0x000040b9      0x57d ./Sources/TFC/TFC_BoardSupport.o
 .debug_info    0x00004636      0x2ef ./Sources/TFC/TFC_ARM_SysTick.o
 .debug_info    0x00004925      0xc83 ./Sources/TFC/TFC_ADC.o
 .debug_info    0x000055a8      0x27b ./Sources/TFC/TFC.o
 .debug_info    0x00005823      0x384 ./Sources/motorServo.o
 .debug_info    0x00005ba7      0x340 ./Sources/main.o
 .debug_info    0x00005ee7      0x1c9 ./Sources/config.o
 .debug_info    0x000060b0      0x4d6 ./Sources/LineScanCam.o
 .debug_info    0x00006586      0x305 ./Sources/LEDs.o
 .debug_info    0x0000688b      0x12a D:/Programme/CodeWarrior/CW MCU v10.6.4/MCU/ARM_GCC_Support/ewl/lib/armv6-m\libc.a(vsprintf.o)
 .debug_info    0x000069b5      0x118 D:/Programme/CodeWarrior/CW MCU v10.6.4/MCU/ARM_GCC_Support/ewl/lib/armv6-m\libc.a(sscanf.o)
 .debug_info    0x00006acd      0x253 D:/Programme/CodeWarrior/CW MCU v10.6.4/MCU/ARM_GCC_Support/ewl/lib/armv6-m\libc.a(vsscanf.o)
 .debug_info    0x00006d20       0xe8 D:/Programme/CodeWarrior/CW MCU v10.6.4/MCU/ARM_GCC_Support/ewl/lib/armv6-m\libc.a(exit.o)
 .debug_info    0x00006e08       0xec D:/Programme/CodeWarrior/CW MCU v10.6.4/MCU/ARM_GCC_Support/ewl/lib/armv6-m\libc.a(memset.o)
 .debug_info    0x00006ef4      0x137 D:/Programme/CodeWarrior/CW MCU v10.6.4/MCU/ARM_GCC_Support/ewl/lib/armv6-m\libc.a(__filll_mem.o)
 .debug_info    0x0000702b      0x109 D:/Programme/CodeWarrior/CW MCU v10.6.4/MCU/ARM_GCC_Support/ewl/lib/armv6-m\libc.a(strcpy.o)
 .debug_info    0x00007134      0x114 D:/Programme/CodeWarrior/CW MCU v10.6.4/MCU/ARM_GCC_Support/ewl/lib/armv6-m\libc.a(strcmp.o)
 .debug_info    0x00007248       0xea D:/Programme/CodeWarrior/CW MCU v10.6.4/MCU/ARM_GCC_Support/ewl/lib/armv6-m\libc.a(strlen.o)
 .debug_info    0x00007332      0x50d D:/Programme/CodeWarrior/CW MCU v10.6.4/MCU/ARM_GCC_Support/ewl/lib/armv6-m\libc.a(printformat_.o)
 .debug_info    0x0000783f      0x568 D:/Programme/CodeWarrior/CW MCU v10.6.4/MCU/ARM_GCC_Support/ewl/lib/armv6-m\libc.a(scanformat_.o)
 .debug_info    0x00007da7      0x313 D:/Programme/CodeWarrior/CW MCU v10.6.4/MCU/ARM_GCC_Support/ewl/lib/armv6-m\libc.a(ctype_aeabi.o)
 .debug_info    0x000080ba      0x205 D:/Programme/CodeWarrior/CW MCU v10.6.4/MCU/ARM_GCC_Support/ewl/lib/armv6-m\libc.a(vsnprintf.o)
 .debug_info    0x000082bf      0x1d6 D:/Programme/CodeWarrior/CW MCU v10.6.4/MCU/ARM_GCC_Support/ewl/lib/armv6-m\libc.a(__strtoul.o)
 .debug_info    0x00008495      0x10b D:/Programme/CodeWarrior/CW MCU v10.6.4/MCU/ARM_GCC_Support/ewl/lib/armv6-m\libc.a(strchr.o)
 .debug_info    0x000085a0      0x10f D:/Programme/CodeWarrior/CW MCU v10.6.4/MCU/ARM_GCC_Support/ewl/lib/armv6-m\libc.a(memcpy.o)
 .debug_info    0x000086af      0x121 D:/Programme/CodeWarrior/CW MCU v10.6.4/MCU/ARM_GCC_Support/ewl/lib/armv6-m\libc.a(memchr.o)
 .debug_info    0x000087d0      0x136 D:/Programme/CodeWarrior/CW MCU v10.6.4/MCU/ARM_GCC_Support/ewl/lib/armv6-m\librt.a(gcc_ctor_dtor.o)
 .debug_info    0x00008906      0x2b9 D:/Programme/CodeWarrior/CW MCU v10.6.4/MCU/ARM_GCC_Support/ewl/lib/armv6-m\librt.a(__arm_eabi_init.o)
 .debug_info    0x00008bbf      0x19b D:/Programme/CodeWarrior/CW MCU v10.6.4/MCU/ARM_GCC_Support/ewl/lib/armv6-m\librt.a(ROMCopy.o)

.debug_abbrev   0x00000000     0x2579
 .debug_abbrev  0x00000000       0xe7 ./Project_Settings/Startup_Code/kinetis_sysinit.o
 .debug_abbrev  0x000000e7       0x92 ./Project_Settings/Startup_Code/__arm_start.o
 .debug_abbrev  0x00000179       0x4c ./Project_Settings/Startup_Code/__arm_end.o
 .debug_abbrev  0x000001c5      0x102 ./Sources/TFC/TFC_arm_cm0.o
 .debug_abbrev  0x000002c7      0x187 ./Sources/TFC/TFC_UART.o
 .debug_abbrev  0x0000044e      0x143 ./Sources/TFC/TFC_Terminal.o
 .debug_abbrev  0x00000591      0x11d ./Sources/TFC/TFC_Servo.o
 .debug_abbrev  0x000006ae      0x118 ./Sources/TFC/TFC_Queue.o
 .debug_abbrev  0x000007c6      0x107 ./Sources/TFC/TFC_Motor.o
 .debug_abbrev  0x000008cd      0x116 ./Sources/TFC/TFC_LineScanCamera.o
 .debug_abbrev  0x000009e3      0x1a7 ./Sources/TFC/TFC_CrystalClock.o
 .debug_abbrev  0x00000b8a      0x120 ./Sources/TFC/TFC_BoardSupport.o
 .debug_abbrev  0x00000caa      0x102 ./Sources/TFC/TFC_ARM_SysTick.o
 .debug_abbrev  0x00000dac      0x1dc ./Sources/TFC/TFC_ADC.o
 .debug_abbrev  0x00000f88       0xad ./Sources/TFC/TFC.o
 .debug_abbrev  0x00001035      0x11e ./Sources/motorServo.o
 .debug_abbrev  0x00001153       0xf8 ./Sources/main.o
 .debug_abbrev  0x0000124b       0x52 ./Sources/config.o
 .debug_abbrev  0x0000129d      0x12e ./Sources/LineScanCam.o
 .debug_abbrev  0x000013cb       0xe2 ./Sources/LEDs.o
 .debug_abbrev  0x000014ad       0x9d D:/Programme/CodeWarrior/CW MCU v10.6.4/MCU/ARM_GCC_Support/ewl/lib/armv6-m\libc.a(vsprintf.o)
 .debug_abbrev  0x0000154a       0xb1 D:/Programme/CodeWarrior/CW MCU v10.6.4/MCU/ARM_GCC_Support/ewl/lib/armv6-m\libc.a(sscanf.o)
 .debug_abbrev  0x000015fb      0x15f D:/Programme/CodeWarrior/CW MCU v10.6.4/MCU/ARM_GCC_Support/ewl/lib/armv6-m\libc.a(vsscanf.o)
 .debug_abbrev  0x0000175a       0x7a D:/Programme/CodeWarrior/CW MCU v10.6.4/MCU/ARM_GCC_Support/ewl/lib/armv6-m\libc.a(exit.o)
 .debug_abbrev  0x000017d4       0x62 D:/Programme/CodeWarrior/CW MCU v10.6.4/MCU/ARM_GCC_Support/ewl/lib/armv6-m\libc.a(memset.o)
 .debug_abbrev  0x00001836       0x78 D:/Programme/CodeWarrior/CW MCU v10.6.4/MCU/ARM_GCC_Support/ewl/lib/armv6-m\libc.a(__filll_mem.o)
 .debug_abbrev  0x000018ae       0x78 D:/Programme/CodeWarrior/CW MCU v10.6.4/MCU/ARM_GCC_Support/ewl/lib/armv6-m\libc.a(strcpy.o)
 .debug_abbrev  0x00001926       0x89 D:/Programme/CodeWarrior/CW MCU v10.6.4/MCU/ARM_GCC_Support/ewl/lib/armv6-m\libc.a(strcmp.o)
 .debug_abbrev  0x000019af       0x7a D:/Programme/CodeWarrior/CW MCU v10.6.4/MCU/ARM_GCC_Support/ewl/lib/armv6-m\libc.a(strlen.o)
 .debug_abbrev  0x00001a29      0x200 D:/Programme/CodeWarrior/CW MCU v10.6.4/MCU/ARM_GCC_Support/ewl/lib/armv6-m\libc.a(printformat_.o)
 .debug_abbrev  0x00001c29      0x1f0 D:/Programme/CodeWarrior/CW MCU v10.6.4/MCU/ARM_GCC_Support/ewl/lib/armv6-m\libc.a(scanformat_.o)
 .debug_abbrev  0x00001e19       0x9e D:/Programme/CodeWarrior/CW MCU v10.6.4/MCU/ARM_GCC_Support/ewl/lib/armv6-m\libc.a(ctype_aeabi.o)
 .debug_abbrev  0x00001eb7       0xf0 D:/Programme/CodeWarrior/CW MCU v10.6.4/MCU/ARM_GCC_Support/ewl/lib/armv6-m\libc.a(vsnprintf.o)
 .debug_abbrev  0x00001fa7       0xc2 D:/Programme/CodeWarrior/CW MCU v10.6.4/MCU/ARM_GCC_Support/ewl/lib/armv6-m\libc.a(__strtoul.o)
 .debug_abbrev  0x00002069       0x7a D:/Programme/CodeWarrior/CW MCU v10.6.4/MCU/ARM_GCC_Support/ewl/lib/armv6-m\libc.a(strchr.o)
 .debug_abbrev  0x000020e3       0x95 D:/Programme/CodeWarrior/CW MCU v10.6.4/MCU/ARM_GCC_Support/ewl/lib/armv6-m\libc.a(memcpy.o)
 .debug_abbrev  0x00002178       0x95 D:/Programme/CodeWarrior/CW MCU v10.6.4/MCU/ARM_GCC_Support/ewl/lib/armv6-m\libc.a(memchr.o)
 .debug_abbrev  0x0000220d       0x99 D:/Programme/CodeWarrior/CW MCU v10.6.4/MCU/ARM_GCC_Support/ewl/lib/armv6-m\librt.a(gcc_ctor_dtor.o)
 .debug_abbrev  0x000022a6      0x1b3 D:/Programme/CodeWarrior/CW MCU v10.6.4/MCU/ARM_GCC_Support/ewl/lib/armv6-m\librt.a(__arm_eabi_init.o)
 .debug_abbrev  0x00002459      0x120 D:/Programme/CodeWarrior/CW MCU v10.6.4/MCU/ARM_GCC_Support/ewl/lib/armv6-m\librt.a(ROMCopy.o)

.debug_loc      0x00000000     0x405d
 .debug_loc     0x00000000       0x58 ./Project_Settings/Startup_Code/kinetis_sysinit.o
 .debug_loc     0x00000058       0x2c ./Project_Settings/Startup_Code/__arm_start.o
 .debug_loc     0x00000084       0x38 ./Project_Settings/Startup_Code/__arm_end.o
 .debug_loc     0x000000bc      0x138 ./Sources/TFC/TFC_arm_cm0.o
 .debug_loc     0x000001f4      0x170 ./Sources/TFC/TFC_UART.o
 .debug_loc     0x00000364      0x218 ./Sources/TFC/TFC_Terminal.o
 .debug_loc     0x0000057c       0xc8 ./Sources/TFC/TFC_Servo.o
 .debug_loc     0x00000644      0x194 ./Sources/TFC/TFC_Queue.o
 .debug_loc     0x000007d8       0x64 ./Sources/TFC/TFC_Motor.o
 .debug_loc     0x0000083c       0x64 ./Sources/TFC/TFC_LineScanCamera.o
 .debug_loc     0x000008a0      0x614 ./Sources/TFC/TFC_CrystalClock.o
 .debug_loc     0x00000eb4       0x9c ./Sources/TFC/TFC_BoardSupport.o
 .debug_loc     0x00000f50       0xa8 ./Sources/TFC/TFC_ARM_SysTick.o
 .debug_loc     0x00000ff8      0x1d4 ./Sources/TFC/TFC_ADC.o
 .debug_loc     0x000011cc       0x58 ./Sources/TFC/TFC.o
 .debug_loc     0x00001224       0xd4 ./Sources/motorServo.o
 .debug_loc     0x000012f8       0x38 ./Sources/main.o
 .debug_loc     0x00001330      0x18a ./Sources/LineScanCam.o
 .debug_loc     0x000014ba      0x120 ./Sources/LEDs.o
 .debug_loc     0x000015da       0x64 D:/Programme/CodeWarrior/CW MCU v10.6.4/MCU/ARM_GCC_Support/ewl/lib/armv6-m\libc.a(vsprintf.o)
 .debug_loc     0x0000163e       0x3f D:/Programme/CodeWarrior/CW MCU v10.6.4/MCU/ARM_GCC_Support/ewl/lib/armv6-m\libc.a(sscanf.o)
 .debug_loc     0x0000167d      0x16c D:/Programme/CodeWarrior/CW MCU v10.6.4/MCU/ARM_GCC_Support/ewl/lib/armv6-m\libc.a(vsscanf.o)
 .debug_loc     0x000017e9       0x3e D:/Programme/CodeWarrior/CW MCU v10.6.4/MCU/ARM_GCC_Support/ewl/lib/armv6-m\libc.a(exit.o)
 .debug_loc     0x00001827       0x6f D:/Programme/CodeWarrior/CW MCU v10.6.4/MCU/ARM_GCC_Support/ewl/lib/armv6-m\libc.a(memset.o)
 .debug_loc     0x00001896      0x14a D:/Programme/CodeWarrior/CW MCU v10.6.4/MCU/ARM_GCC_Support/ewl/lib/armv6-m\libc.a(__filll_mem.o)
 .debug_loc     0x000019e0       0x20 D:/Programme/CodeWarrior/CW MCU v10.6.4/MCU/ARM_GCC_Support/ewl/lib/armv6-m\libc.a(strcpy.o)
 .debug_loc     0x00001a00       0x64 D:/Programme/CodeWarrior/CW MCU v10.6.4/MCU/ARM_GCC_Support/ewl/lib/armv6-m\libc.a(strcmp.o)
 .debug_loc     0x00001a64       0x33 D:/Programme/CodeWarrior/CW MCU v10.6.4/MCU/ARM_GCC_Support/ewl/lib/armv6-m\libc.a(strlen.o)
 .debug_loc     0x00001a97     0x104b D:/Programme/CodeWarrior/CW MCU v10.6.4/MCU/ARM_GCC_Support/ewl/lib/armv6-m\libc.a(printformat_.o)
 .debug_loc     0x00002ae2      0x9d8 D:/Programme/CodeWarrior/CW MCU v10.6.4/MCU/ARM_GCC_Support/ewl/lib/armv6-m\libc.a(scanformat_.o)
 .debug_loc     0x000034ba      0x30d D:/Programme/CodeWarrior/CW MCU v10.6.4/MCU/ARM_GCC_Support/ewl/lib/armv6-m\libc.a(ctype_aeabi.o)
 .debug_loc     0x000037c7      0x105 D:/Programme/CodeWarrior/CW MCU v10.6.4/MCU/ARM_GCC_Support/ewl/lib/armv6-m\libc.a(vsnprintf.o)
 .debug_loc     0x000038cc      0x305 D:/Programme/CodeWarrior/CW MCU v10.6.4/MCU/ARM_GCC_Support/ewl/lib/armv6-m\libc.a(__strtoul.o)
 .debug_loc     0x00003bd1       0xaf D:/Programme/CodeWarrior/CW MCU v10.6.4/MCU/ARM_GCC_Support/ewl/lib/armv6-m\libc.a(strchr.o)
 .debug_loc     0x00003c80       0x59 D:/Programme/CodeWarrior/CW MCU v10.6.4/MCU/ARM_GCC_Support/ewl/lib/armv6-m\libc.a(memcpy.o)
 .debug_loc     0x00003cd9       0x77 D:/Programme/CodeWarrior/CW MCU v10.6.4/MCU/ARM_GCC_Support/ewl/lib/armv6-m\libc.a(memchr.o)
 .debug_loc     0x00003d50       0x9d D:/Programme/CodeWarrior/CW MCU v10.6.4/MCU/ARM_GCC_Support/ewl/lib/armv6-m\librt.a(gcc_ctor_dtor.o)
 .debug_loc     0x00003ded      0x197 D:/Programme/CodeWarrior/CW MCU v10.6.4/MCU/ARM_GCC_Support/ewl/lib/armv6-m\librt.a(__arm_eabi_init.o)
 .debug_loc     0x00003f84       0xd9 D:/Programme/CodeWarrior/CW MCU v10.6.4/MCU/ARM_GCC_Support/ewl/lib/armv6-m\librt.a(ROMCopy.o)

.debug_aranges  0x00000000      0x888
 .debug_aranges
                0x00000000       0x28 ./Project_Settings/Startup_Code/kinetis_sysinit.o
 .debug_aranges
                0x00000028       0x30 ./Project_Settings/Startup_Code/__arm_start.o
 .debug_aranges
                0x00000058       0x20 ./Project_Settings/Startup_Code/__arm_end.o
 .debug_aranges
                0x00000078       0x48 ./Sources/TFC/TFC_arm_cm0.o
 .debug_aranges
                0x000000c0       0x50 ./Sources/TFC/TFC_UART.o
 .debug_aranges
                0x00000110       0x68 ./Sources/TFC/TFC_Terminal.o
 .debug_aranges
                0x00000178       0x38 ./Sources/TFC/TFC_Servo.o
 .debug_aranges
                0x000001b0       0x50 ./Sources/TFC/TFC_Queue.o
 .debug_aranges
                0x00000200       0x28 ./Sources/TFC/TFC_Motor.o
 .debug_aranges
                0x00000228       0x28 ./Sources/TFC/TFC_LineScanCamera.o
 .debug_aranges
                0x00000250       0xf8 ./Sources/TFC/TFC_CrystalClock.o
 .debug_aranges
                0x00000348       0x30 ./Sources/TFC/TFC_BoardSupport.o
 .debug_aranges
                0x00000378       0x30 ./Sources/TFC/TFC_ARM_SysTick.o
 .debug_aranges
                0x000003a8       0x60 ./Sources/TFC/TFC_ADC.o
 .debug_aranges
                0x00000408       0x28 ./Sources/TFC/TFC.o
 .debug_aranges
                0x00000430       0x38 ./Sources/motorServo.o
 .debug_aranges
                0x00000468       0x20 ./Sources/main.o
 .debug_aranges
                0x00000488       0x18 ./Sources/config.o
 .debug_aranges
                0x000004a0       0x50 ./Sources/LineScanCam.o
 .debug_aranges
                0x000004f0       0x48 ./Sources/LEDs.o
 .debug_aranges
                0x00000538       0x20 D:/Programme/CodeWarrior/CW MCU v10.6.4/MCU/ARM_GCC_Support/ewl/lib/armv6-m\libc.a(vsprintf.o)
 .debug_aranges
                0x00000558       0x20 D:/Programme/CodeWarrior/CW MCU v10.6.4/MCU/ARM_GCC_Support/ewl/lib/armv6-m\libc.a(sscanf.o)
 .debug_aranges
                0x00000578       0x28 D:/Programme/CodeWarrior/CW MCU v10.6.4/MCU/ARM_GCC_Support/ewl/lib/armv6-m\libc.a(vsscanf.o)
 .debug_aranges
                0x000005a0       0x20 D:/Programme/CodeWarrior/CW MCU v10.6.4/MCU/ARM_GCC_Support/ewl/lib/armv6-m\libc.a(exit.o)
 .debug_aranges
                0x000005c0       0x20 D:/Programme/CodeWarrior/CW MCU v10.6.4/MCU/ARM_GCC_Support/ewl/lib/armv6-m\libc.a(memset.o)
 .debug_aranges
                0x000005e0       0x20 D:/Programme/CodeWarrior/CW MCU v10.6.4/MCU/ARM_GCC_Support/ewl/lib/armv6-m\libc.a(__filll_mem.o)
 .debug_aranges
                0x00000600       0x20 D:/Programme/CodeWarrior/CW MCU v10.6.4/MCU/ARM_GCC_Support/ewl/lib/armv6-m\libc.a(strcpy.o)
 .debug_aranges
                0x00000620       0x20 D:/Programme/CodeWarrior/CW MCU v10.6.4/MCU/ARM_GCC_Support/ewl/lib/armv6-m\libc.a(strcmp.o)
 .debug_aranges
                0x00000640       0x20 D:/Programme/CodeWarrior/CW MCU v10.6.4/MCU/ARM_GCC_Support/ewl/lib/armv6-m\libc.a(strlen.o)
 .debug_aranges
                0x00000660       0x28 D:/Programme/CodeWarrior/CW MCU v10.6.4/MCU/ARM_GCC_Support/ewl/lib/armv6-m\libc.a(printformat_.o)
 .debug_aranges
                0x00000688       0x20 D:/Programme/CodeWarrior/CW MCU v10.6.4/MCU/ARM_GCC_Support/ewl/lib/armv6-m\libc.a(scanformat_.o)
 .debug_aranges
                0x000006a8       0x88 D:/Programme/CodeWarrior/CW MCU v10.6.4/MCU/ARM_GCC_Support/ewl/lib/armv6-m\libc.a(ctype_aeabi.o)
 .debug_aranges
                0x00000730       0x28 D:/Programme/CodeWarrior/CW MCU v10.6.4/MCU/ARM_GCC_Support/ewl/lib/armv6-m\libc.a(vsnprintf.o)
 .debug_aranges
                0x00000758       0x20 D:/Programme/CodeWarrior/CW MCU v10.6.4/MCU/ARM_GCC_Support/ewl/lib/armv6-m\libc.a(__strtoul.o)
 .debug_aranges
                0x00000778       0x20 D:/Programme/CodeWarrior/CW MCU v10.6.4/MCU/ARM_GCC_Support/ewl/lib/armv6-m\libc.a(strchr.o)
 .debug_aranges
                0x00000798       0x20 D:/Programme/CodeWarrior/CW MCU v10.6.4/MCU/ARM_GCC_Support/ewl/lib/armv6-m\libc.a(memcpy.o)
 .debug_aranges
                0x000007b8       0x20 D:/Programme/CodeWarrior/CW MCU v10.6.4/MCU/ARM_GCC_Support/ewl/lib/armv6-m\libc.a(memchr.o)
 .debug_aranges
                0x000007d8       0x28 D:/Programme/CodeWarrior/CW MCU v10.6.4/MCU/ARM_GCC_Support/ewl/lib/armv6-m\librt.a(gcc_ctor_dtor.o)
 .debug_aranges
                0x00000800       0x58 D:/Programme/CodeWarrior/CW MCU v10.6.4/MCU/ARM_GCC_Support/ewl/lib/armv6-m\librt.a(__arm_eabi_init.o)
 .debug_aranges
                0x00000858       0x30 D:/Programme/CodeWarrior/CW MCU v10.6.4/MCU/ARM_GCC_Support/ewl/lib/armv6-m\librt.a(ROMCopy.o)

.debug_macinfo  0x00000000   0x2cab43
 .debug_macinfo
                0x00000000    0x264f0 ./Project_Settings/Startup_Code/kinetis_sysinit.o
 .debug_macinfo
                0x000264f0     0x3e6d ./Project_Settings/Startup_Code/__arm_start.o
 .debug_macinfo
                0x0002a35d     0x3456 ./Project_Settings/Startup_Code/__arm_end.o
 .debug_macinfo
                0x0002d7b3    0x26567 ./Sources/TFC/TFC_arm_cm0.o
 .debug_macinfo
                0x00053d1a    0x27623 ./Sources/TFC/TFC_UART.o
 .debug_macinfo
                0x0007b33d    0x276b7 ./Sources/TFC/TFC_Terminal.o
 .debug_macinfo
                0x000a29f4    0x276ec ./Sources/TFC/TFC_Servo.o
 .debug_macinfo
                0x000ca0e0    0x27623 ./Sources/TFC/TFC_Queue.o
 .debug_macinfo
                0x000f1703    0x276d0 ./Sources/TFC/TFC_Motor.o
 .debug_macinfo
                0x00118dd3    0x27623 ./Sources/TFC/TFC_LineScanCamera.o
 .debug_macinfo
                0x001403f6    0x2771a ./Sources/TFC/TFC_CrystalClock.o
 .debug_macinfo
                0x00167b10    0x27623 ./Sources/TFC/TFC_BoardSupport.o
 .debug_macinfo
                0x0018f133    0x27623 ./Sources/TFC/TFC_ARM_SysTick.o
 .debug_macinfo
                0x001b6756    0x27ee6 ./Sources/TFC/TFC_ADC.o
 .debug_macinfo
                0x001de63c    0x27623 ./Sources/TFC/TFC.o
 .debug_macinfo
                0x00205c5f    0x27623 ./Sources/motorServo.o
 .debug_macinfo
                0x0022d282    0x27658 ./Sources/main.o
 .debug_macinfo
                0x002548da    0x27623 ./Sources/config.o
 .debug_macinfo
                0x0027befd    0x27623 ./Sources/LineScanCam.o
 .debug_macinfo
                0x002a3520    0x27623 ./Sources/LEDs.o

.debug_line     0x00000000     0x6bec
 .debug_line    0x00000000      0x223 ./Project_Settings/Startup_Code/kinetis_sysinit.o
 .debug_line    0x00000223      0x2a6 ./Project_Settings/Startup_Code/__arm_start.o
 .debug_line    0x000004c9      0x29e ./Project_Settings/Startup_Code/__arm_end.o
 .debug_line    0x00000767      0x28c ./Sources/TFC/TFC_arm_cm0.o
 .debug_line    0x000009f3      0x4cc ./Sources/TFC/TFC_UART.o
 .debug_line    0x00000ebf      0x540 ./Sources/TFC/TFC_Terminal.o
 .debug_line    0x000013ff      0x458 ./Sources/TFC/TFC_Servo.o
 .debug_line    0x00001857      0x4a6 ./Sources/TFC/TFC_Queue.o
 .debug_line    0x00001cfd      0x44d ./Sources/TFC/TFC_Motor.o
 .debug_line    0x0000214a      0x435 ./Sources/TFC/TFC_LineScanCamera.o
 .debug_line    0x0000257f      0xb67 ./Sources/TFC/TFC_CrystalClock.o
 .debug_line    0x000030e6      0x453 ./Sources/TFC/TFC_BoardSupport.o
 .debug_line    0x00003539      0x447 ./Sources/TFC/TFC_ARM_SysTick.o
 .debug_line    0x00003980      0x539 ./Sources/TFC/TFC_ADC.o
 .debug_line    0x00003eb9      0x420 ./Sources/TFC/TFC.o
 .debug_line    0x000042d9      0x45e ./Sources/motorServo.o
 .debug_line    0x00004737      0x460 ./Sources/main.o
 .debug_line    0x00004b97      0x3f4 ./Sources/config.o
 .debug_line    0x00004f8b      0x50b ./Sources/LineScanCam.o
 .debug_line    0x00005496      0x4b8 ./Sources/LEDs.o
 .debug_line    0x0000594e       0x94 D:/Programme/CodeWarrior/CW MCU v10.6.4/MCU/ARM_GCC_Support/ewl/lib/armv6-m\libc.a(vsprintf.o)
 .debug_line    0x000059e2       0x92 D:/Programme/CodeWarrior/CW MCU v10.6.4/MCU/ARM_GCC_Support/ewl/lib/armv6-m\libc.a(sscanf.o)
 .debug_line    0x00005a74       0xc8 D:/Programme/CodeWarrior/CW MCU v10.6.4/MCU/ARM_GCC_Support/ewl/lib/armv6-m\libc.a(vsscanf.o)
 .debug_line    0x00005b3c       0x8d D:/Programme/CodeWarrior/CW MCU v10.6.4/MCU/ARM_GCC_Support/ewl/lib/armv6-m\libc.a(exit.o)
 .debug_line    0x00005bc9       0x90 D:/Programme/CodeWarrior/CW MCU v10.6.4/MCU/ARM_GCC_Support/ewl/lib/armv6-m\libc.a(memset.o)
 .debug_line    0x00005c59       0xf6 D:/Programme/CodeWarrior/CW MCU v10.6.4/MCU/ARM_GCC_Support/ewl/lib/armv6-m\libc.a(__filll_mem.o)
 .debug_line    0x00005d4f       0x7d D:/Programme/CodeWarrior/CW MCU v10.6.4/MCU/ARM_GCC_Support/ewl/lib/armv6-m\libc.a(strcpy.o)
 .debug_line    0x00005dcc       0x83 D:/Programme/CodeWarrior/CW MCU v10.6.4/MCU/ARM_GCC_Support/ewl/lib/armv6-m\libc.a(strcmp.o)
 .debug_line    0x00005e4f       0x85 D:/Programme/CodeWarrior/CW MCU v10.6.4/MCU/ARM_GCC_Support/ewl/lib/armv6-m\libc.a(strlen.o)
 .debug_line    0x00005ed4      0x2c3 D:/Programme/CodeWarrior/CW MCU v10.6.4/MCU/ARM_GCC_Support/ewl/lib/armv6-m\libc.a(printformat_.o)
 .debug_line    0x00006197      0x2be D:/Programme/CodeWarrior/CW MCU v10.6.4/MCU/ARM_GCC_Support/ewl/lib/armv6-m\libc.a(scanformat_.o)
 .debug_line    0x00006455      0x1be D:/Programme/CodeWarrior/CW MCU v10.6.4/MCU/ARM_GCC_Support/ewl/lib/armv6-m\libc.a(ctype_aeabi.o)
 .debug_line    0x00006613       0xd4 D:/Programme/CodeWarrior/CW MCU v10.6.4/MCU/ARM_GCC_Support/ewl/lib/armv6-m\libc.a(vsnprintf.o)
 .debug_line    0x000066e7      0x11e D:/Programme/CodeWarrior/CW MCU v10.6.4/MCU/ARM_GCC_Support/ewl/lib/armv6-m\libc.a(__strtoul.o)
 .debug_line    0x00006805       0x7d D:/Programme/CodeWarrior/CW MCU v10.6.4/MCU/ARM_GCC_Support/ewl/lib/armv6-m\libc.a(strchr.o)
 .debug_line    0x00006882       0x8b D:/Programme/CodeWarrior/CW MCU v10.6.4/MCU/ARM_GCC_Support/ewl/lib/armv6-m\libc.a(memcpy.o)
 .debug_line    0x0000690d       0x9f D:/Programme/CodeWarrior/CW MCU v10.6.4/MCU/ARM_GCC_Support/ewl/lib/armv6-m\libc.a(memchr.o)
 .debug_line    0x000069ac       0x6c D:/Programme/CodeWarrior/CW MCU v10.6.4/MCU/ARM_GCC_Support/ewl/lib/armv6-m\librt.a(gcc_ctor_dtor.o)
 .debug_line    0x00006a18      0x117 D:/Programme/CodeWarrior/CW MCU v10.6.4/MCU/ARM_GCC_Support/ewl/lib/armv6-m\librt.a(__arm_eabi_init.o)
 .debug_line    0x00006b2f       0xbd D:/Programme/CodeWarrior/CW MCU v10.6.4/MCU/ARM_GCC_Support/ewl/lib/armv6-m\librt.a(ROMCopy.o)

.debug_str      0x00000000     0x1e78
 .debug_str     0x00000000      0x288 ./Project_Settings/Startup_Code/kinetis_sysinit.o
                                0x2af (size before relaxing)
 .debug_str     0x00000288       0x85 ./Project_Settings/Startup_Code/__arm_start.o
                                0x189 (size before relaxing)
 .debug_str     0x0000030d       0x41 ./Project_Settings/Startup_Code/__arm_end.o
                                 0xc0 (size before relaxing)
 .debug_str     0x0000034e       0xa4 ./Sources/TFC/TFC_arm_cm0.o
                                0x229 (size before relaxing)
 .debug_str     0x000003f2      0x4d8 ./Sources/TFC/TFC_UART.o
                                0x6f4 (size before relaxing)
 .debug_str     0x000008ca      0x1e9 ./Sources/TFC/TFC_Terminal.o
                                0x42b (size before relaxing)
 .debug_str     0x00000ab3       0xb2 ./Sources/TFC/TFC_Servo.o
                                0x5d0 (size before relaxing)
 .debug_str     0x00000b65       0xa4 ./Sources/TFC/TFC_Queue.o
                                0x2c9 (size before relaxing)
 .debug_str     0x00000c09       0x4a ./Sources/TFC/TFC_Motor.o
                                0x362 (size before relaxing)
 .debug_str     0x00000c53      0x133 ./Sources/TFC/TFC_LineScanCamera.o
                                0x46f (size before relaxing)
 .debug_str     0x00000d86      0x23f ./Sources/TFC/TFC_CrystalClock.o
                                0x50a (size before relaxing)
 .debug_str     0x00000fc5       0x6b ./Sources/TFC/TFC_BoardSupport.o
                                0x380 (size before relaxing)
 .debug_str     0x00001030       0x9a ./Sources/TFC/TFC_ARM_SysTick.o
                                0x264 (size before relaxing)
 .debug_str     0x000010ca      0x204 ./Sources/TFC/TFC_ADC.o
                                0x830 (size before relaxing)
 .debug_str     0x000012ce       0x27 ./Sources/TFC/TFC.o
                                0x222 (size before relaxing)
 .debug_str     0x000012f5       0x54 ./Sources/motorServo.o
                                0x2c2 (size before relaxing)
 .debug_str     0x00001349       0x2a ./Sources/main.o
                                0x28d (size before relaxing)
 .debug_str     0x00001373       0x14 ./Sources/config.o
                                0x1cd (size before relaxing)
 .debug_str     0x00001387       0xd3 ./Sources/LineScanCam.o
                                0x327 (size before relaxing)
 .debug_str     0x0000145a       0x61 ./Sources/LEDs.o
                                0x262 (size before relaxing)
 .debug_str     0x000014bb       0x4b D:/Programme/CodeWarrior/CW MCU v10.6.4/MCU/ARM_GCC_Support/ewl/lib/armv6-m\libc.a(vsprintf.o)
                                0x167 (size before relaxing)
 .debug_str     0x00001506       0x18 D:/Programme/CodeWarrior/CW MCU v10.6.4/MCU/ARM_GCC_Support/ewl/lib/armv6-m\libc.a(sscanf.o)
                                0x161 (size before relaxing)
 .debug_str     0x0000151e       0x9c D:/Programme/CodeWarrior/CW MCU v10.6.4/MCU/ARM_GCC_Support/ewl/lib/armv6-m\libc.a(vsscanf.o)
                                0x1e5 (size before relaxing)
 .debug_str     0x000015ba       0x2e D:/Programme/CodeWarrior/CW MCU v10.6.4/MCU/ARM_GCC_Support/ewl/lib/armv6-m\libc.a(exit.o)
                                0x157 (size before relaxing)
 .debug_str     0x000015e8       0x23 D:/Programme/CodeWarrior/CW MCU v10.6.4/MCU/ARM_GCC_Support/ewl/lib/armv6-m\libc.a(memset.o)
                                0x140 (size before relaxing)
 .debug_str     0x0000160b       0x25 D:/Programme/CodeWarrior/CW MCU v10.6.4/MCU/ARM_GCC_Support/ewl/lib/armv6-m\libc.a(__filll_mem.o)
                                0x152 (size before relaxing)
 .debug_str     0x00001630       0x1c D:/Programme/CodeWarrior/CW MCU v10.6.4/MCU/ARM_GCC_Support/ewl/lib/armv6-m\libc.a(strcpy.o)
                                0x142 (size before relaxing)
 .debug_str     0x0000164c       0x26 D:/Programme/CodeWarrior/CW MCU v10.6.4/MCU/ARM_GCC_Support/ewl/lib/armv6-m\libc.a(strcmp.o)
                                0x152 (size before relaxing)
 .debug_str     0x00001672       0x1c D:/Programme/CodeWarrior/CW MCU v10.6.4/MCU/ARM_GCC_Support/ewl/lib/armv6-m\libc.a(strlen.o)
                                0x140 (size before relaxing)
 .debug_str     0x0000168e      0x21d D:/Programme/CodeWarrior/CW MCU v10.6.4/MCU/ARM_GCC_Support/ewl/lib/armv6-m\libc.a(printformat_.o)
                                0x3b3 (size before relaxing)
 .debug_str     0x000018ab      0x14b D:/Programme/CodeWarrior/CW MCU v10.6.4/MCU/ARM_GCC_Support/ewl/lib/armv6-m\libc.a(scanformat_.o)
                                0x3f9 (size before relaxing)
 .debug_str     0x000019f6       0x9d D:/Programme/CodeWarrior/CW MCU v10.6.4/MCU/ARM_GCC_Support/ewl/lib/armv6-m\libc.a(ctype_aeabi.o)
                                0x1bc (size before relaxing)
 .debug_str     0x00001a93       0x7c D:/Programme/CodeWarrior/CW MCU v10.6.4/MCU/ARM_GCC_Support/ewl/lib/armv6-m\libc.a(vsnprintf.o)
                                0x1cc (size before relaxing)
 .debug_str     0x00001b0f       0x5b D:/Programme/CodeWarrior/CW MCU v10.6.4/MCU/ARM_GCC_Support/ewl/lib/armv6-m\libc.a(__strtoul.o)
                                0x1fb (size before relaxing)
 .debug_str     0x00001b6a       0x1c D:/Programme/CodeWarrior/CW MCU v10.6.4/MCU/ARM_GCC_Support/ewl/lib/armv6-m\libc.a(strchr.o)
                                0x137 (size before relaxing)
 .debug_str     0x00001b86       0x1c D:/Programme/CodeWarrior/CW MCU v10.6.4/MCU/ARM_GCC_Support/ewl/lib/armv6-m\libc.a(memcpy.o)
                                0x138 (size before relaxing)
 .debug_str     0x00001ba2       0x1c D:/Programme/CodeWarrior/CW MCU v10.6.4/MCU/ARM_GCC_Support/ewl/lib/armv6-m\libc.a(memchr.o)
                                0x148 (size before relaxing)
 .debug_str     0x00001bbe      0x126 D:/Programme/CodeWarrior/CW MCU v10.6.4/MCU/ARM_GCC_Support/ewl/lib/armv6-m\librt.a(gcc_ctor_dtor.o)
                                0x181 (size before relaxing)
 .debug_str     0x00001ce4       0xf8 D:/Programme/CodeWarrior/CW MCU v10.6.4/MCU/ARM_GCC_Support/ewl/lib/armv6-m\librt.a(__arm_eabi_init.o)
                                0x1b5 (size before relaxing)
 .debug_str     0x00001ddc       0x9c D:/Programme/CodeWarrior/CW MCU v10.6.4/MCU/ARM_GCC_Support/ewl/lib/armv6-m\librt.a(ROMCopy.o)
                                0x13c (size before relaxing)

.comment        0x00000000       0x79
 .comment       0x00000000       0x79 ./Project_Settings/Startup_Code/kinetis_sysinit.o
                                 0x7a (size before relaxing)
 .comment       0x00000000       0x7a ./Project_Settings/Startup_Code/__arm_start.o
 .comment       0x00000000       0x7a ./Project_Settings/Startup_Code/__arm_end.o
 .comment       0x00000000       0x7a ./Sources/TFC/TFC_arm_cm0.o
 .comment       0x00000000       0x7a ./Sources/TFC/TFC_UART.o
 .comment       0x00000000       0x7a ./Sources/TFC/TFC_Terminal.o
 .comment       0x00000000       0x7a ./Sources/TFC/TFC_Servo.o
 .comment       0x00000000       0x7a ./Sources/TFC/TFC_Queue.o
 .comment       0x00000000       0x7a ./Sources/TFC/TFC_Motor.o
 .comment       0x00000000       0x7a ./Sources/TFC/TFC_LineScanCamera.o
 .comment       0x00000000       0x7a ./Sources/TFC/TFC_CrystalClock.o
 .comment       0x00000000       0x7a ./Sources/TFC/TFC_BoardSupport.o
 .comment       0x00000000       0x7a ./Sources/TFC/TFC_ARM_SysTick.o
 .comment       0x00000000       0x7a ./Sources/TFC/TFC_ADC.o
 .comment       0x00000000       0x7a ./Sources/TFC/TFC.o
 .comment       0x00000000       0x7a ./Sources/motorServo.o
 .comment       0x00000000       0x7a ./Sources/main.o
 .comment       0x00000000       0x7a ./Sources/config.o
 .comment       0x00000000       0x7a ./Sources/LineScanCam.o
 .comment       0x00000000       0x7a ./Sources/LEDs.o
 .comment       0x00000000       0x7a D:/Programme/CodeWarrior/CW MCU v10.6.4/MCU/ARM_GCC_Support/ewl/lib/armv6-m\libc.a(vsprintf.o)
 .comment       0x00000000       0x7a D:/Programme/CodeWarrior/CW MCU v10.6.4/MCU/ARM_GCC_Support/ewl/lib/armv6-m\libc.a(sscanf.o)
 .comment       0x00000000       0x7a D:/Programme/CodeWarrior/CW MCU v10.6.4/MCU/ARM_GCC_Support/ewl/lib/armv6-m\libc.a(vsscanf.o)
 .comment       0x00000000       0x7a D:/Programme/CodeWarrior/CW MCU v10.6.4/MCU/ARM_GCC_Support/ewl/lib/armv6-m\libc.a(exit.o)
 .comment       0x00000000       0x7a D:/Programme/CodeWarrior/CW MCU v10.6.4/MCU/ARM_GCC_Support/ewl/lib/armv6-m\libc.a(memset.o)
 .comment       0x00000000       0x7a D:/Programme/CodeWarrior/CW MCU v10.6.4/MCU/ARM_GCC_Support/ewl/lib/armv6-m\libc.a(__filll_mem.o)
 .comment       0x00000000       0x7a D:/Programme/CodeWarrior/CW MCU v10.6.4/MCU/ARM_GCC_Support/ewl/lib/armv6-m\libc.a(strcpy.o)
 .comment       0x00000000       0x7a D:/Programme/CodeWarrior/CW MCU v10.6.4/MCU/ARM_GCC_Support/ewl/lib/armv6-m\libc.a(strcmp.o)
 .comment       0x00000000       0x7a D:/Programme/CodeWarrior/CW MCU v10.6.4/MCU/ARM_GCC_Support/ewl/lib/armv6-m\libc.a(strlen.o)
 .comment       0x00000000       0x7a D:/Programme/CodeWarrior/CW MCU v10.6.4/MCU/ARM_GCC_Support/ewl/lib/armv6-m\libc.a(printformat_.o)
 .comment       0x00000000       0x7a D:/Programme/CodeWarrior/CW MCU v10.6.4/MCU/ARM_GCC_Support/ewl/lib/armv6-m\libc.a(scanformat_.o)
 .comment       0x00000000       0x7a D:/Programme/CodeWarrior/CW MCU v10.6.4/MCU/ARM_GCC_Support/ewl/lib/armv6-m\libc.a(ctype_aeabi.o)
 .comment       0x00000000       0x7a D:/Programme/CodeWarrior/CW MCU v10.6.4/MCU/ARM_GCC_Support/ewl/lib/armv6-m\libc.a(vsnprintf.o)
 .comment       0x00000000       0x7a D:/Programme/CodeWarrior/CW MCU v10.6.4/MCU/ARM_GCC_Support/ewl/lib/armv6-m\libc.a(__strtoul.o)
 .comment       0x00000000       0x7a D:/Programme/CodeWarrior/CW MCU v10.6.4/MCU/ARM_GCC_Support/ewl/lib/armv6-m\libc.a(strchr.o)
 .comment       0x00000000       0x7a D:/Programme/CodeWarrior/CW MCU v10.6.4/MCU/ARM_GCC_Support/ewl/lib/armv6-m\libc.a(memcpy.o)
 .comment       0x00000000       0x7a D:/Programme/CodeWarrior/CW MCU v10.6.4/MCU/ARM_GCC_Support/ewl/lib/armv6-m\libc.a(memchr.o)
 .comment       0x00000000       0x7a D:/Programme/CodeWarrior/CW MCU v10.6.4/MCU/ARM_GCC_Support/ewl/lib/armv6-m\librt.a(gcc_ctor_dtor.o)
 .comment       0x00000000       0x7a D:/Programme/CodeWarrior/CW MCU v10.6.4/MCU/ARM_GCC_Support/ewl/lib/armv6-m\librt.a(__arm_eabi_init.o)
 .comment       0x00000000       0x7a D:/Programme/CodeWarrior/CW MCU v10.6.4/MCU/ARM_GCC_Support/ewl/lib/armv6-m\librt.a(ROMCopy.o)

.debug_frame    0x00000000     0x18c0
 .debug_frame   0x00000000       0x48 ./Project_Settings/Startup_Code/kinetis_sysinit.o
 .debug_frame   0x00000048       0x4c ./Project_Settings/Startup_Code/__arm_start.o
 .debug_frame   0x00000094       0x30 ./Project_Settings/Startup_Code/__arm_end.o
 .debug_frame   0x000000c4       0xcc ./Sources/TFC/TFC_arm_cm0.o
 .debug_frame   0x00000190       0xe8 ./Sources/TFC/TFC_UART.o
 .debug_frame   0x00000278      0x150 ./Sources/TFC/TFC_Terminal.o
 .debug_frame   0x000003c8       0x90 ./Sources/TFC/TFC_Servo.o
 .debug_frame   0x00000458       0xf4 ./Sources/TFC/TFC_Queue.o
 .debug_frame   0x0000054c       0x54 ./Sources/TFC/TFC_Motor.o
 .debug_frame   0x000005a0       0x50 ./Sources/TFC/TFC_LineScanCamera.o
 .debug_frame   0x000005f0      0x390 ./Sources/TFC/TFC_CrystalClock.o
 .debug_frame   0x00000980       0x6c ./Sources/TFC/TFC_BoardSupport.o
 .debug_frame   0x000009ec       0x70 ./Sources/TFC/TFC_ARM_SysTick.o
 .debug_frame   0x00000a5c      0x128 ./Sources/TFC/TFC_ADC.o
 .debug_frame   0x00000b84       0x48 ./Sources/TFC/TFC.o
 .debug_frame   0x00000bcc       0x90 ./Sources/motorServo.o
 .debug_frame   0x00000c5c       0x30 ./Sources/main.o
 .debug_frame   0x00000c8c       0xfc ./Sources/LineScanCam.o
 .debug_frame   0x00000d88       0xc4 ./Sources/LEDs.o
 .debug_frame   0x00000e4c       0x28 D:/Programme/CodeWarrior/CW MCU v10.6.4/MCU/ARM_GCC_Support/ewl/lib/armv6-m\libc.a(vsprintf.o)
 .debug_frame   0x00000e74       0x2c D:/Programme/CodeWarrior/CW MCU v10.6.4/MCU/ARM_GCC_Support/ewl/lib/armv6-m\libc.a(sscanf.o)
 .debug_frame   0x00000ea0       0x48 D:/Programme/CodeWarrior/CW MCU v10.6.4/MCU/ARM_GCC_Support/ewl/lib/armv6-m\libc.a(vsscanf.o)
 .debug_frame   0x00000ee8       0x2c D:/Programme/CodeWarrior/CW MCU v10.6.4/MCU/ARM_GCC_Support/ewl/lib/armv6-m\libc.a(exit.o)
 .debug_frame   0x00000f14       0x28 D:/Programme/CodeWarrior/CW MCU v10.6.4/MCU/ARM_GCC_Support/ewl/lib/armv6-m\libc.a(memset.o)
 .debug_frame   0x00000f3c       0x2c D:/Programme/CodeWarrior/CW MCU v10.6.4/MCU/ARM_GCC_Support/ewl/lib/armv6-m\libc.a(__filll_mem.o)
 .debug_frame   0x00000f68       0x28 D:/Programme/CodeWarrior/CW MCU v10.6.4/MCU/ARM_GCC_Support/ewl/lib/armv6-m\libc.a(strcpy.o)
 .debug_frame   0x00000f90       0x28 D:/Programme/CodeWarrior/CW MCU v10.6.4/MCU/ARM_GCC_Support/ewl/lib/armv6-m\libc.a(strcmp.o)
 .debug_frame   0x00000fb8       0x28 D:/Programme/CodeWarrior/CW MCU v10.6.4/MCU/ARM_GCC_Support/ewl/lib/armv6-m\libc.a(strlen.o)
 .debug_frame   0x00000fe0       0x54 D:/Programme/CodeWarrior/CW MCU v10.6.4/MCU/ARM_GCC_Support/ewl/lib/armv6-m\libc.a(printformat_.o)
 .debug_frame   0x00001034       0x34 D:/Programme/CodeWarrior/CW MCU v10.6.4/MCU/ARM_GCC_Support/ewl/lib/armv6-m\libc.a(scanformat_.o)
 .debug_frame   0x00001068      0x158 D:/Programme/CodeWarrior/CW MCU v10.6.4/MCU/ARM_GCC_Support/ewl/lib/armv6-m\libc.a(ctype_aeabi.o)
 .debug_frame   0x000011c0       0x4c D:/Programme/CodeWarrior/CW MCU v10.6.4/MCU/ARM_GCC_Support/ewl/lib/armv6-m\libc.a(vsnprintf.o)
 .debug_frame   0x0000120c       0x30 D:/Programme/CodeWarrior/CW MCU v10.6.4/MCU/ARM_GCC_Support/ewl/lib/armv6-m\libc.a(__strtoul.o)
 .debug_frame   0x0000123c       0x28 D:/Programme/CodeWarrior/CW MCU v10.6.4/MCU/ARM_GCC_Support/ewl/lib/armv6-m\libc.a(strchr.o)
 .debug_frame   0x00001264       0x28 D:/Programme/CodeWarrior/CW MCU v10.6.4/MCU/ARM_GCC_Support/ewl/lib/armv6-m\libc.a(memcpy.o)
 .debug_frame   0x0000128c       0x28 D:/Programme/CodeWarrior/CW MCU v10.6.4/MCU/ARM_GCC_Support/ewl/lib/armv6-m\libc.a(memchr.o)
 .debug_frame   0x000012b4       0x20 d:/programme/codewarrior/cw mcu v10.6.4/cross_tools/arm-none-eabi-gcc-4_7_3/bin/../lib/gcc/arm-none-eabi/4.7.3/armv6-m\libgcc.a(_udivsi3.o)
 .debug_frame   0x000012d4       0x20 d:/programme/codewarrior/cw mcu v10.6.4/cross_tools/arm-none-eabi-gcc-4_7_3/bin/../lib/gcc/arm-none-eabi/4.7.3/armv6-m\libgcc.a(_divsi3.o)
 .debug_frame   0x000012f4       0x28 d:/programme/codewarrior/cw mcu v10.6.4/cross_tools/arm-none-eabi-gcc-4_7_3/bin/../lib/gcc/arm-none-eabi/4.7.3/armv6-m\libgcc.a(_fixunssfsi.o)
 .debug_frame   0x0000131c       0x30 d:/programme/codewarrior/cw mcu v10.6.4/cross_tools/arm-none-eabi-gcc-4_7_3/bin/../lib/gcc/arm-none-eabi/4.7.3/armv6-m\libgcc.a(addsf3.o)
 .debug_frame   0x0000134c       0x3c d:/programme/codewarrior/cw mcu v10.6.4/cross_tools/arm-none-eabi-gcc-4_7_3/bin/../lib/gcc/arm-none-eabi/4.7.3/armv6-m\libgcc.a(divsf3.o)
 .debug_frame   0x00001388       0x2c d:/programme/codewarrior/cw mcu v10.6.4/cross_tools/arm-none-eabi-gcc-4_7_3/bin/../lib/gcc/arm-none-eabi/4.7.3/armv6-m\libgcc.a(eqsf2.o)
 .debug_frame   0x000013b4       0x30 d:/programme/codewarrior/cw mcu v10.6.4/cross_tools/arm-none-eabi-gcc-4_7_3/bin/../lib/gcc/arm-none-eabi/4.7.3/armv6-m\libgcc.a(gesf2.o)
 .debug_frame   0x000013e4       0x30 d:/programme/codewarrior/cw mcu v10.6.4/cross_tools/arm-none-eabi-gcc-4_7_3/bin/../lib/gcc/arm-none-eabi/4.7.3/armv6-m\libgcc.a(lesf2.o)
 .debug_frame   0x00001414       0x3c d:/programme/codewarrior/cw mcu v10.6.4/cross_tools/arm-none-eabi-gcc-4_7_3/bin/../lib/gcc/arm-none-eabi/4.7.3/armv6-m\libgcc.a(mulsf3.o)
 .debug_frame   0x00001450       0x30 d:/programme/codewarrior/cw mcu v10.6.4/cross_tools/arm-none-eabi-gcc-4_7_3/bin/../lib/gcc/arm-none-eabi/4.7.3/armv6-m\libgcc.a(subsf3.o)
 .debug_frame   0x00001480       0x28 d:/programme/codewarrior/cw mcu v10.6.4/cross_tools/arm-none-eabi-gcc-4_7_3/bin/../lib/gcc/arm-none-eabi/4.7.3/armv6-m\libgcc.a(fixsfsi.o)
 .debug_frame   0x000014a8       0x2c d:/programme/codewarrior/cw mcu v10.6.4/cross_tools/arm-none-eabi-gcc-4_7_3/bin/../lib/gcc/arm-none-eabi/4.7.3/armv6-m\libgcc.a(floatsisf.o)
 .debug_frame   0x000014d4       0x28 d:/programme/codewarrior/cw mcu v10.6.4/cross_tools/arm-none-eabi-gcc-4_7_3/bin/../lib/gcc/arm-none-eabi/4.7.3/armv6-m\libgcc.a(floatunsisf.o)
 .debug_frame   0x000014fc       0x3c d:/programme/codewarrior/cw mcu v10.6.4/cross_tools/arm-none-eabi-gcc-4_7_3/bin/../lib/gcc/arm-none-eabi/4.7.3/armv6-m\libgcc.a(adddf3.o)
 .debug_frame   0x00001538       0x3c d:/programme/codewarrior/cw mcu v10.6.4/cross_tools/arm-none-eabi-gcc-4_7_3/bin/../lib/gcc/arm-none-eabi/4.7.3/armv6-m\libgcc.a(divdf3.o)
 .debug_frame   0x00001574       0x34 d:/programme/codewarrior/cw mcu v10.6.4/cross_tools/arm-none-eabi-gcc-4_7_3/bin/../lib/gcc/arm-none-eabi/4.7.3/armv6-m\libgcc.a(eqdf2.o)
 .debug_frame   0x000015a8       0x38 d:/programme/codewarrior/cw mcu v10.6.4/cross_tools/arm-none-eabi-gcc-4_7_3/bin/../lib/gcc/arm-none-eabi/4.7.3/armv6-m\libgcc.a(gedf2.o)
 .debug_frame   0x000015e0       0x38 d:/programme/codewarrior/cw mcu v10.6.4/cross_tools/arm-none-eabi-gcc-4_7_3/bin/../lib/gcc/arm-none-eabi/4.7.3/armv6-m\libgcc.a(ledf2.o)
 .debug_frame   0x00001618       0x3c d:/programme/codewarrior/cw mcu v10.6.4/cross_tools/arm-none-eabi-gcc-4_7_3/bin/../lib/gcc/arm-none-eabi/4.7.3/armv6-m\libgcc.a(muldf3.o)
 .debug_frame   0x00001654       0x38 d:/programme/codewarrior/cw mcu v10.6.4/cross_tools/arm-none-eabi-gcc-4_7_3/bin/../lib/gcc/arm-none-eabi/4.7.3/armv6-m\libgcc.a(subdf3.o)
 .debug_frame   0x0000168c       0x2c d:/programme/codewarrior/cw mcu v10.6.4/cross_tools/arm-none-eabi-gcc-4_7_3/bin/../lib/gcc/arm-none-eabi/4.7.3/armv6-m\libgcc.a(fixdfsi.o)
 .debug_frame   0x000016b8       0x30 d:/programme/codewarrior/cw mcu v10.6.4/cross_tools/arm-none-eabi-gcc-4_7_3/bin/../lib/gcc/arm-none-eabi/4.7.3/armv6-m\libgcc.a(floatsidf.o)
 .debug_frame   0x000016e8       0x2c d:/programme/codewarrior/cw mcu v10.6.4/cross_tools/arm-none-eabi-gcc-4_7_3/bin/../lib/gcc/arm-none-eabi/4.7.3/armv6-m\libgcc.a(floatunsidf.o)
 .debug_frame   0x00001714       0x2c d:/programme/codewarrior/cw mcu v10.6.4/cross_tools/arm-none-eabi-gcc-4_7_3/bin/../lib/gcc/arm-none-eabi/4.7.3/armv6-m\libgcc.a(extendsfdf2.o)
 .debug_frame   0x00001740       0x30 d:/programme/codewarrior/cw mcu v10.6.4/cross_tools/arm-none-eabi-gcc-4_7_3/bin/../lib/gcc/arm-none-eabi/4.7.3/armv6-m\libgcc.a(truncdfsf2.o)
 .debug_frame   0x00001770       0x40 D:/Programme/CodeWarrior/CW MCU v10.6.4/MCU/ARM_GCC_Support/ewl/lib/armv6-m\librt.a(gcc_ctor_dtor.o)
 .debug_frame   0x000017b0       0xbc D:/Programme/CodeWarrior/CW MCU v10.6.4/MCU/ARM_GCC_Support/ewl/lib/armv6-m\librt.a(__arm_eabi_init.o)
 .debug_frame   0x0000186c       0x54 D:/Programme/CodeWarrior/CW MCU v10.6.4/MCU/ARM_GCC_Support/ewl/lib/armv6-m\librt.a(ROMCopy.o)
